Archive member included because of file (symbol)

G:\My Drive\CUB Study\Semester 2\IOT\LED_BLINKY_SDK2_7\platform\radio\rail_lib\autogen\librail_release\librail_efr32xg1_gcc_release.a(rail_pti.o)
                              ./pti.o (RAIL_ConfigPti)
G:\My Drive\CUB Study\Semester 2\IOT\LED_BLINKY_SDK2_7\platform\radio\rail_lib\autogen\librail_release\librail_efr32xg1_gcc_release.a(rail_rf_hal.o)
                              G:\My Drive\CUB Study\Semester 2\IOT\LED_BLINKY_SDK2_7\platform\radio\rail_lib\autogen\librail_release\librail_efr32xg1_gcc_release.a(rail_pti.o) (RFHAL_ConfigPti)
G:\My Drive\CUB Study\Semester 2\IOT\LED_BLINKY_SDK2_7\platform\radio\rail_lib\autogen\librail_release\librail_efr32xg1_gcc_release.a(rail_singleprotocol.o)
                              G:\My Drive\CUB Study\Semester 2\IOT\LED_BLINKY_SDK2_7\platform\radio\rail_lib\autogen\librail_release\librail_efr32xg1_gcc_release.a(rail_rf_hal.o) (RAIL_ActiveHandle)
G:\My Drive\CUB Study\Semester 2\IOT\LED_BLINKY_SDK2_7\platform\radio\rail_lib\autogen\librail_release\librail_efr32xg1_gcc_release.a(rail_rf.o)
                              G:\My Drive\CUB Study\Semester 2\IOT\LED_BLINKY_SDK2_7\platform\radio\rail_lib\autogen\librail_release\librail_efr32xg1_gcc_release.a(rail_singleprotocol.o) (RAILCore_Init)
G:\My Drive\CUB Study\Semester 2\IOT\LED_BLINKY_SDK2_7\platform\radio\rail_lib\autogen\librail_release\librail_efr32xg1_gcc_release.a(rail_rx.o)
                              G:\My Drive\CUB Study\Semester 2\IOT\LED_BLINKY_SDK2_7\platform\radio\rail_lib\autogen\librail_release\librail_efr32xg1_gcc_release.a(rail_rf_hal.o) (RAILCore_StartRx)
G:\My Drive\CUB Study\Semester 2\IOT\LED_BLINKY_SDK2_7\platform\radio\rail_lib\autogen\librail_release\librail_efr32xg1_gcc_release.a(rail_tx.o)
                              G:\My Drive\CUB Study\Semester 2\IOT\LED_BLINKY_SDK2_7\platform\radio\rail_lib\autogen\librail_release\librail_efr32xg1_gcc_release.a(rail_singleprotocol.o) (RAILCore_StartTx)
G:\My Drive\CUB Study\Semester 2\IOT\LED_BLINKY_SDK2_7\platform\radio\rail_lib\autogen\librail_release\librail_efr32xg1_gcc_release.a(rail_calibration.o)
                              G:\My Drive\CUB Study\Semester 2\IOT\LED_BLINKY_SDK2_7\platform\radio\rail_lib\autogen\librail_release\librail_efr32xg1_gcc_release.a(rail_rf_hal.o) (RAILInt_PendCal)
G:\My Drive\CUB Study\Semester 2\IOT\LED_BLINKY_SDK2_7\platform\radio\rail_lib\autogen\librail_release\librail_efr32xg1_gcc_release.a(rail_assert.o)
                              G:\My Drive\CUB Study\Semester 2\IOT\LED_BLINKY_SDK2_7\platform\radio\rail_lib\autogen\librail_release\librail_efr32xg1_gcc_release.a(rail_rf.o) (RAILInt_Assert)
G:\My Drive\CUB Study\Semester 2\IOT\LED_BLINKY_SDK2_7\platform\radio\rail_lib\autogen\librail_release\librail_efr32xg1_gcc_release.a(rail_rssi.o)
                              G:\My Drive\CUB Study\Semester 2\IOT\LED_BLINKY_SDK2_7\platform\radio\rail_lib\autogen\librail_release\librail_efr32xg1_gcc_release.a(rail_singleprotocol.o) (RAILCore_GetRssi)
G:\My Drive\CUB Study\Semester 2\IOT\LED_BLINKY_SDK2_7\platform\radio\rail_lib\autogen\librail_release\librail_efr32xg1_gcc_release.a(bufc.o)
                              G:\My Drive\CUB Study\Semester 2\IOT\LED_BLINKY_SDK2_7\platform\radio\rail_lib\autogen\librail_release\librail_efr32xg1_gcc_release.a(rail_rf_hal.o) (BUFC_SetTxBuffer)
G:\My Drive\CUB Study\Semester 2\IOT\LED_BLINKY_SDK2_7\platform\radio\rail_lib\autogen\librail_release\librail_efr32xg1_gcc_release.a(ir_cal.o)
                              G:\My Drive\CUB Study\Semester 2\IOT\LED_BLINKY_SDK2_7\platform\radio\rail_lib\autogen\librail_release\librail_efr32xg1_gcc_release.a(rail_rf_hal.o) (IRCAL_Set)
G:\My Drive\CUB Study\Semester 2\IOT\LED_BLINKY_SDK2_7\platform\radio\rail_lib\autogen\librail_release\librail_efr32xg1_gcc_release.a(pa.o)
                              G:\My Drive\CUB Study\Semester 2\IOT\LED_BLINKY_SDK2_7\platform\radio\rail_lib\autogen\librail_release\librail_efr32xg1_gcc_release.a(rail_rf_hal.o) (PA_GetTxPowerConfig)
G:\My Drive\CUB Study\Semester 2\IOT\LED_BLINKY_SDK2_7\platform\radio\rail_lib\autogen\librail_release\librail_efr32xg1_gcc_release.a(protimer.o)
                              G:\My Drive\CUB Study\Semester 2\IOT\LED_BLINKY_SDK2_7\platform\radio\rail_lib\autogen\librail_release\librail_efr32xg1_gcc_release.a(rail_rf_hal.o) (PROTIMER_Start)
G:\My Drive\CUB Study\Semester 2\IOT\LED_BLINKY_SDK2_7\platform\radio\rail_lib\autogen\librail_release\librail_efr32xg1_gcc_release.a(pti.o)
                              G:\My Drive\CUB Study\Semester 2\IOT\LED_BLINKY_SDK2_7\platform\radio\rail_lib\autogen\librail_release\librail_efr32xg1_gcc_release.a(rail_rf_hal.o) (PTI_Config)
G:\My Drive\CUB Study\Semester 2\IOT\LED_BLINKY_SDK2_7\platform\radio\rail_lib\autogen\librail_release\librail_efr32xg1_gcc_release.a(antenna.o)
[...]
Memory Configuration

Name             Origin             Length             Attributes
FLASH_BOOTLOADER 0x00000000         0x00004000         xr
FLASH            0x00004000         0x0003b000         xr
RAM              0x20000000         0x00007bfc         xrw
*default*        0x00000000         0xffffffff

Linker script and memory map

LOAD c:/siliconlabs/simplicitystudio/v4/developer/toolchains/gnu_arm/4.9_2015q3/bin/../lib/gcc/arm-none-eabi/4.9.3/armv7e-m/softfp/crti.o
LOAD c:/siliconlabs/simplicitystudio/v4/developer/toolchains/gnu_arm/4.9_2015q3/bin/../lib/gcc/arm-none-eabi/4.9.3/armv7e-m/softfp/crtbegin.o
LOAD c:/siliconlabs/simplicitystudio/v4/developer/toolchains/gnu_arm/4.9_2015q3/bin/../lib/gcc/arm-none-eabi/4.9.3/../../../../arm-none-eabi/lib/armv7e-m/softfp/crt0.o
START GROUP
LOAD ./application_properties.o
LOAD ./gatt_db.o
LOAD ./init_board.o
LOAD ./init_mcu.o
LOAD ./main.o
LOAD ./pti.o
LOAD ./hardware/kit/common/bsp/bsp_stk.o
LOAD ./hardware/kit/common/drivers/mx25flash_spi.o
LOAD ./platform/Device/SiliconLabs/EFR32BG1B/Source/GCC/startup_efr32bg1b.o
LOAD ./platform/Device/SiliconLabs/EFR32BG1B/Source/system_efr32bg1b.o
LOAD ./platform/emdrv/sleep/src/sleep.o
LOAD ./platform/emdrv/tempdrv/src/tempdrv.o
LOAD ./platform/emlib/src/em_cmu.o
LOAD ./platform/emlib/src/em_core.o
LOAD ./platform/emlib/src/em_cryotimer.o
LOAD ./platform/emlib/src/em_crypto.o
LOAD ./platform/emlib/src/em_emu.o
LOAD ./platform/emlib/src/em_gpio.o
LOAD ./platform/emlib/src/em_i2c.o
LOAD ./platform/emlib/src/em_msc.o
LOAD ./platform/emlib/src/em_rmu.o
LOAD ./platform/emlib/src/em_rtcc.o
LOAD ./platform/emlib/src/em_system.o
LOAD ./platform/emlib/src/em_usart.o
LOAD ./src/cmu.o
LOAD ./src/gpio.o
LOAD G:\My Drive\CUB Study\Semester 2\IOT\LED_BLINKY_SDK2_7\protocol\bluetooth_2.7\lib\EFR32BG1B\GCC\libmbedtls.a
LOAD G:\My Drive\CUB Study\Semester 2\IOT\LED_BLINKY_SDK2_7\platform\radio\rail_lib\autogen\librail_release\librail_efr32xg1_gcc_release.a
LOAD G:\My Drive\CUB Study\Semester 2\IOT\LED_BLINKY_SDK2_7\protocol\bluetooth_2.7\lib\EFR32BG1B\GCC\libpsstore.a
LOAD G:\My Drive\CUB Study\Semester 2\IOT\LED_BLINKY_SDK2_7\protocol\bluetooth_2.7\lib\EFR32BG1B\GCC\libbluetooth.a
LOAD G:\My Drive\CUB Study\Semester 2\IOT\LED_BLINKY_SDK2_7\protocol\bluetooth_2.7\lib\EFR32BG1B\GCC\binapploader.o
LOAD c:/siliconlabs/simplicitystudio/v4/developer/toolchains/gnu_arm/4.9_2015q3/bin/../lib/gcc/arm-none-eabi/4.9.3/../../../../arm-none-eabi/lib/armv7e-m/softfp\libm.a
END GROUP
START GROUP
LOAD c:/siliconlabs/simplicitystudio/v4/developer/toolchains/gnu_arm/4.9_2015q3/bin/../lib/gcc/arm-none-eabi/4.9.3/armv7e-m/softfp\libgcc.a
LOAD c:/siliconlabs/simplicitystudio/v4/developer/toolchains/gnu_arm/4.9_2015q3/bin/../lib/gcc/arm-none-eabi/4.9.3/../../../../arm-none-eabi/lib/armv7e-m/softfp\libc_nano.a
LOAD c:/siliconlabs/simplicitystudio/v4/developer/toolchains/gnu_arm/4.9_2015q3/bin/../lib/gcc/arm-none-eabi/4.9.3/../../../../arm-none-eabi/lib/armv7e-m/softfp\libnosys.a
END GROUP
START GROUP
LOAD c:/siliconlabs/simplicitystudio/v4/developer/toolchains/gnu_arm/4.9_2015q3/bin/../lib/gcc/arm-none-eabi/4.9.3/armv7e-m/softfp\libgcc.a
LOAD c:/siliconlabs/simplicitystudio/v4/developer/toolchains/gnu_arm/4.9_2015q3/bin/../lib/gcc/arm-none-eabi/4.9.3/../../../../arm-none-eabi/lib/armv7e-m/softfp\libg_nano.a
LOAD c:/siliconlabs/simplicitystudio/v4/developer/toolchains/gnu_arm/4.9_2015q3/bin/../lib/gcc/arm-none-eabi/4.9.3/../../../../arm-none-eabi/lib/armv7e-m/softfp\libc_nano.a
END GROUP
START GROUP
LOAD c:/siliconlabs/simplicitystudio/v4/developer/toolchains/gnu_arm/4.9_2015q3/bin/../lib/gcc/arm-none-eabi/4.9.3/armv7e-m/softfp\libgcc.a
LOAD c:/siliconlabs/simplicitystudio/v4/developer/toolchains/gnu_arm/4.9_2015q3/bin/../lib/gcc/arm-none-eabi/4.9.3/../../../../arm-none-eabi/lib/armv7e-m/softfp\libc_nano.a
END GROUP
LOAD c:/siliconlabs/simplicitystudio/v4/developer/toolchains/gnu_arm/4.9_2015q3/bin/../lib/gcc/arm-none-eabi/4.9.3/armv7e-m/softfp/crtend.o
LOAD c:/siliconlabs/simplicitystudio/v4/developer/toolchains/gnu_arm/4.9_2015q3/bin/../lib/gcc/arm-none-eabi/4.9.3/armv7e-m/softfp/crtn.o

.text_bootloader
                0x00000000        0x0
 *(.binbootloader*)
                0x00000000                . = ALIGN (0x4000)

.text_apploader
                0x00004000     0x8fc0
 *(.binapploader*)
 .binapploader  0x00004000     0x8fc0 G:\My Drive\CUB Study\Semester 2\IOT\LED_BLINKY_SDK2_7\protocol\bluetooth_2.7\lib\EFR32BG1B\GCC\binapploader.o

.text_signature
                0x0000cfc0       0x40
                0x0000d000                . = ALIGN (0x800)
 *fill*         0x0000cfc0       0x40 
                0x0000d000                __text_start__ = .

.text_application
                0x0000d000    0x1e8a4
 *(.vectors)
 .vectors       0x0000d000       0xc8 ./platform/Device/SiliconLabs/EFR32BG1B/Source/GCC/startup_efr32bg1b.o
                0x0000d000                __Vectors
                0x0000d0c8                __Vectors_End = .
                0x000000c8                __Vectors_Size = (__Vectors_End - __Vectors)
                0x0000d0c8                __end__ = .
 *(.application_properties)
 .application_properties
                0x0000d0c8       0x38 ./application_properties.o
                0x0000d0c8                applicationProperties
 *(.gecko_configuration)
 *(.xo_configuration)
 *(.gatt_header)
 .gatt_header   0x0000d100       0x34 ./gatt_db.o
                0x0000d100                bg_gattdb_data
 *(.gatt_data)
 .gatt_data     0x0000d134      0x1d5 ./gatt_db.o
                0x0000d134                bg_gattdb_data_uuidtable_16_map
                0x0000d150                bg_gattdb_data_uuidtable_128_map
                0x0000d170                bg_gattdb_data_attribute_field_18
                0x0000d178                bg_gattdb_data_attribute_field_17
                0x0000d190                bg_gattdb_data_attribute_field_16
                0x0000d1a4                bg_gattdb_data_attribute_field_15
                0x0000d1ac                bg_gattdb_data_attribute_field_14
                0x0000d1b4                bg_gattdb_data_attribute_field_13
                0x0000d1c0                bg_gattdb_data_attribute_field_12
                0x0000d1c8                bg_gattdb_data_attribute_field_11
                0x0000d1d8                bg_gattdb_data_attribute_field_10
                0x0000d1e0                bg_gattdb_data_attribute_field_9
                0x0000d1e4                bg_gattdb_data_attribute_field_8
                0x0000d1e8                bg_gattdb_data_attribute_field_7
                0x0000d1f0                bg_gattdb_data_attribute_field_6
                0x0000d1f8                bg_gattdb_data_attribute_field_5
                0x0000d200                bg_gattdb_data_attribute_field_4
                0x0000d204                bg_gattdb_data_attribute_field_2
                0x0000d20c                bg_gattdb_data_attribute_field_1
                0x0000d214                bg_gattdb_data_attribute_field_0
                0x0000d218                bg_gattdb_data_attributes_map
                0x0000d2fc                bg_gattdb_data_attributes_dynamic_mapping_map
                0x0000d304                bg_gattdb_data_adv_uuid16_map
                0x0000d308                bg_gattdb_data_adv_uuid128_map
 *(.text*)
 *fill*         0x0000d309        0x3 
 .text          0x0000d30c       0x5c c:/siliconlabs/simplicitystudio/v4/developer/toolchains/gnu_arm/4.9_2015q3/bin/../lib/gcc/arm-none-eabi/4.9.3/armv7e-m/softfp/crtbegin.o
 .text          0x0000d368       0x74 c:/siliconlabs/simplicitystudio/v4/developer/toolchains/gnu_arm/4.9_2015q3/bin/../lib/gcc/arm-none-eabi/4.9.3/../../../../arm-none-eabi/lib/armv7e-m/softfp/crt0.o
                0x0000d368                _start
                0x0000d368                _mainCRTStartup
 .text.initBoard
                0x0000d3dc       0x48 ./init_board.o
                0x0000d3dc                initBoard
 .text.BUS_RegBitWrite
                0x0000d424       0x2c ./init_mcu.o
 .text.SYSTEM_GetProdRev
                0x0000d450       0x1c ./init_mcu.o
 .text.CHIP_Init
                0x0000d46c       0xb4 ./init_mcu.o
 .text.initMcu  0x0000d520       0x70 ./init_mcu.o
                0x0000d520                initMcu
 .text.initMcu_clocks
                0x0000d590       0xa4 ./init_mcu.o
 .text.BUS_RegMaskedSet
                0x0000d634       0x24 ./main.o
 .text.BUS_RegMaskedClear
                0x0000d658       0x24 ./main.o
 .text.GPIO_PinOutClear
                0x0000d67c       0x58 ./main.o
 .text.GPIO_PinOutSet
                0x0000d6d4       0x58 ./main.o
 .text.gecko_initCoexHAL
                0x0000d72c        0xc ./main.o
 .text.gecko_init
                0x0000d738       0x48 ./main.o
 .text.main     0x0000d780       0x88 ./main.o
                0x0000d780                main
 .text.BUS_RegMaskedSet
                0x0000d808       0x24 ./hardware/kit/common/drivers/mx25flash_spi.o
 .text.BUS_RegMaskedClear
                0x0000d82c       0x24 ./hardware/kit/common/drivers/mx25flash_spi.o
 .text.GPIO_PinOutClear
                0x0000d850       0x58 ./hardware/kit/common/drivers/mx25flash_spi.o
 .text.GPIO_PinOutSet
                0x0000d8a8       0x58 ./hardware/kit/common/drivers/mx25flash_spi.o
 .text.MX25_init
                0x0000d900       0x98 ./hardware/kit/common/drivers/mx25flash_spi.o
                0x0000d900                MX25_init
 .text.Wait_Flash_WarmUp
                0x0000d998       0x24 ./hardware/kit/common/drivers/mx25flash_spi.o
                0x0000d998                Wait_Flash_WarmUp
 .text.Initial_Spi
                0x0000d9bc        0xc ./hardware/kit/common/drivers/mx25flash_spi.o
                0x0000d9bc                Initial_Spi
 .text.CS_Low   0x0000d9c8       0x10 ./hardware/kit/common/drivers/mx25flash_spi.o
                0x0000d9c8                CS_Low
 .text.CS_High  0x0000d9d8       0x10 ./hardware/kit/common/drivers/mx25flash_spi.o
                0x0000d9d8                CS_High
 .text.InsertDummyCycle
                0x0000d9e8       0x38 ./hardware/kit/common/drivers/mx25flash_spi.o
                0x0000d9e8                InsertDummyCycle
 .text.SendByte
                0x0000da20       0x3c ./hardware/kit/common/drivers/mx25flash_spi.o
                0x0000da20                SendByte
 .text.MX25_DP  0x0000da5c       0x34 ./hardware/kit/common/drivers/mx25flash_spi.o
                0x0000da5c                MX25_DP
 .text.Reset_Handler
                0x0000da90       0x3c ./platform/Device/SiliconLabs/EFR32BG1B/Source/GCC/startup_efr32bg1b.o
                0x0000da90                Reset_Handler
 .text.Default_Handler
                0x0000dacc        0x8 ./platform/Device/SiliconLabs/EFR32BG1B/Source/GCC/startup_efr32bg1b.o
                0x0000dacc                DebugMon_Handler
                0x0000dacc                USART0_TX_IRQHandler
                0x0000dacc                I2C0_IRQHandler
                0x0000dacc                HardFault_Handler
                0x0000dacc                SysTick_Handler
                0x0000dacc                USART1_RX_IRQHandler
                0x0000dacc                PendSV_Handler
                0x0000dacc                NMI_Handler
                0x0000dacc                WDOG0_IRQHandler
                0x0000dacc                USART1_TX_IRQHandler
                0x0000dacc                MSC_IRQHandler
                0x0000dacc                ADC0_IRQHandler
                0x0000dacc                UsageFault_Handler
                0x0000dacc                LEUART0_IRQHandler
                0x0000dacc                FPUEH_IRQHandler
                0x0000dacc                GPIO_EVEN_IRQHandler
                0x0000dacc                LDMA_IRQHandler
                0x0000dacc                TIMER0_IRQHandler
                0x0000dacc                LETIMER0_IRQHandler
                0x0000dacc                TIMER1_IRQHandler
                0x0000dacc                Default_Handler
                0x0000dacc                CRYOTIMER_IRQHandler
                0x0000dacc                PCNT0_IRQHandler
                0x0000dacc                ACMP0_IRQHandler
                0x0000dacc                USART0_RX_IRQHandler
                0x0000dacc                MemManage_Handler
                0x0000dacc                SVC_Handler
                0x0000dacc                RTCC_IRQHandler
                0x0000dacc                CRYPTO_IRQHandler
                0x0000dacc                CMU_IRQHandler
                0x0000dacc                GPIO_ODD_IRQHandler
                0x0000dacc                BusFault_Handler
                0x0000dacc                IDAC0_IRQHandler
 .text.SystemCoreClockGet
                0x0000dad4       0x44 ./platform/Device/SiliconLabs/EFR32BG1B/Source/system_efr32bg1b.o
                0x0000dad4                SystemCoreClockGet
 .text.SystemMaxCoreClockGet
                0x0000db18       0x14 ./platform/Device/SiliconLabs/EFR32BG1B/Source/system_efr32bg1b.o
                0x0000db18                SystemMaxCoreClockGet
 .text.SystemHFClockGet
                0x0000db2c       0x70 ./platform/Device/SiliconLabs/EFR32BG1B/Source/system_efr32bg1b.o
                0x0000db2c                SystemHFClockGet
 .text.SystemHFXOClockGet
                0x0000db9c       0x18 ./platform/Device/SiliconLabs/EFR32BG1B/Source/system_efr32bg1b.o
                0x0000db9c                SystemHFXOClockGet
 .text.SystemHFXOClockSet
                0x0000dbb4       0x30 ./platform/Device/SiliconLabs/EFR32BG1B/Source/system_efr32bg1b.o
                0x0000dbb4                SystemHFXOClockSet
 .text.SystemInit
                0x0000dbe4       0x5c ./platform/Device/SiliconLabs/EFR32BG1B/Source/system_efr32bg1b.o
                0x0000dbe4                SystemInit
 .text.SystemLFRCOClockGet
                0x0000dc40       0x14 ./platform/Device/SiliconLabs/EFR32BG1B/Source/system_efr32bg1b.o
                0x0000dc40                SystemLFRCOClockGet
 .text.SystemULFRCOClockGet
                0x0000dc54       0x14 ./platform/Device/SiliconLabs/EFR32BG1B/Source/system_efr32bg1b.o
                0x0000dc54                SystemULFRCOClockGet
 .text.SystemLFXOClockGet
                0x0000dc68       0x18 ./platform/Device/SiliconLabs/EFR32BG1B/Source/system_efr32bg1b.o
                0x0000dc68                SystemLFXOClockGet
 .text.SystemLFXOClockSet
                0x0000dc80       0x30 ./platform/Device/SiliconLabs/EFR32BG1B/Source/system_efr32bg1b.o
                0x0000dc80                SystemLFXOClockSet
 .text.BUS_RegBitWrite
                0x0000dcb0       0x2c ./platform/emdrv/sleep/src/sleep.o
 .text.EMU_EM2Block
                0x0000dcdc       0x14 ./platform/emdrv/sleep/src/sleep.o
 .text.sleepCallbackWrapper
                0x0000dcf0       0x2c ./platform/emdrv/sleep/src/sleep.o
 .text.SLEEP_Init
                0x0000dd1c       0x60 ./platform/emdrv/sleep/src/sleep.o
                0x0000dd1c                SLEEP_Init
 .text.SLEEP_SleepBlockBegin
                0x0000dd7c       0x48 ./platform/emdrv/sleep/src/sleep.o
                0x0000dd7c                SLEEP_SleepBlockBegin
 .text.NVIC_EnableIRQ
                0x0000ddc4       0x30 ./platform/emdrv/tempdrv/src/tempdrv.o
 .text.NVIC_ClearPendingIRQ
                0x0000ddf4       0x34 ./platform/emdrv/tempdrv/src/tempdrv.o
 .text.EMU_IntClear
                0x0000de28       0x1c ./platform/emdrv/tempdrv/src/tempdrv.o
 .text.EMU_IntDisable
                0x0000de44       0x24 ./platform/emdrv/tempdrv/src/tempdrv.o
 .text.EMU_IntEnable
                0x0000de68       0x24 ./platform/emdrv/tempdrv/src/tempdrv.o
 .text.EMU_IntGetEnabled
                0x0000de8c       0x24 ./platform/emdrv/tempdrv/src/tempdrv.o
 .text.EMU_IRQHandler
                0x0000deb0        0xc ./platform/emdrv/tempdrv/src/tempdrv.o
                0x0000deb0                EMU_IRQHandler
 .text.TEMPDRV_IRQHandler
                0x0000debc       0xa0 ./platform/emdrv/tempdrv/src/tempdrv.o
                0x0000debc                TEMPDRV_IRQHandler
 .text.errataCallback
                0x0000df5c       0x20 ./platform/emdrv/tempdrv/src/tempdrv.o
 .text.errataStateUpdate
                0x0000df7c       0xbc ./platform/emdrv/tempdrv/src/tempdrv.o
 .text.errataInit
                0x0000e038       0x8c ./platform/emdrv/tempdrv/src/tempdrv.o
 .text.convertToTemp
                0x0000e0c4       0x58 ./platform/emdrv/tempdrv/src/tempdrv.o
 .text.convertToEmu
                0x0000e11c       0x48 ./platform/emdrv/tempdrv/src/tempdrv.o
 .text.disableInterrupts
                0x0000e164       0x18 ./platform/emdrv/tempdrv/src/tempdrv.o
 .text.updateInterrupts
                0x0000e17c      0x140 ./platform/emdrv/tempdrv/src/tempdrv.o
 .text.TEMPDRV_Init
                0x0000e2bc       0xd4 ./platform/emdrv/tempdrv/src/tempdrv.o
                0x0000e2bc                TEMPDRV_Init
 .text.TEMPDRV_GetTemp
                0x0000e390       0x1c ./platform/emdrv/tempdrv/src/tempdrv.o
                0x0000e390                TEMPDRV_GetTemp
 .text.BUS_RegBitWrite
                0x0000e3ac       0x2c ./platform/emlib/src/em_cmu.o
 .text.BUS_RegBitRead
                0x0000e3d8       0x2c ./platform/emlib/src/em_cmu.o
 .text.BUS_RegMaskedSet
                0x0000e404       0x24 ./platform/emlib/src/em_cmu.o
 .text.BUS_RegMaskedClear
                0x0000e428       0x24 ./platform/emlib/src/em_cmu.o
 .text.BUS_RegMaskedWrite
                0x0000e44c       0x24 ./platform/emlib/src/em_cmu.o
 .text.CMU_Log2ToDiv
                0x0000e470       0x1c ./platform/emlib/src/em_cmu.o
 .text.setHfLeConfig
                0x0000e48c       0x64 ./platform/emlib/src/em_cmu.o
 .text.auxClkGet
                0x0000e4f0       0x20 ./platform/emlib/src/em_cmu.o
 .text.hfSrcClkGet
                0x0000e510       0x2c ./platform/emlib/src/em_cmu.o
 .text.dbgClkGet
                0x0000e53c       0x40 ./platform/emlib/src/em_cmu.o
 .text.adcAsyncClkGet
                0x0000e57c       0x80 ./platform/emlib/src/em_cmu.o
 .text.flashWaitStateControl
                0x0000e5fc       0x7c ./platform/emlib/src/em_cmu.o
 .text.flashWaitStateMax
                0x0000e678       0x14 ./platform/emlib/src/em_cmu.o
 .text.CMU_UpdateWaitStates
                0x0000e68c       0x18 ./platform/emlib/src/em_cmu.o
                0x0000e68c                CMU_UpdateWaitStates
 .text.getRegIshUpperVal
                0x0000e6a4       0x38 ./platform/emlib/src/em_cmu.o
 .text.getHfxoTuningMode
                0x0000e6dc       0x1c ./platform/emlib/src/em_cmu.o
 .text.setHfxoTuningMode
                0x0000e6f8       0x28 ./platform/emlib/src/em_cmu.o
 .text.lfClkGet
                0x0000e720       0xf4 ./platform/emlib/src/em_cmu.o
 .text.syncReg  0x0000e814       0x38 ./platform/emlib/src/em_cmu.o
 .text.CMU_ClockEnable
                0x0000e84c       0xcc ./platform/emlib/src/em_cmu.o
                0x0000e84c                CMU_ClockEnable
 .text.CMU_ClockFreqGet
                0x0000e918      0x198 ./platform/emlib/src/em_cmu.o
                0x0000e918                CMU_ClockFreqGet
 .text.CMU_ClockPrescGet
                0x0000eab0      0x120 ./platform/emlib/src/em_cmu.o
                0x0000eab0                CMU_ClockPrescGet
 .text.CMU_ClockSelectGet
                0x0000ebd0      0x19c ./platform/emlib/src/em_cmu.o
                0x0000ebd0                CMU_ClockSelectGet
 .text.CMU_ClockSelectSet
                0x0000ed6c      0x260 ./platform/emlib/src/em_cmu.o
                0x0000ed6c                CMU_ClockSelectSet
 .text.CMU_HFXOAutostartEnable
                0x0000efcc       0x7c ./platform/emlib/src/em_cmu.o
                0x0000efcc                CMU_HFXOAutostartEnable
 .text.CMU_HFXOInit
                0x0000f048       0xf4 ./platform/emlib/src/em_cmu.o
                0x0000f048                CMU_HFXOInit
 .text.CMU_LFXOInit
                0x0000f13c       0x50 ./platform/emlib/src/em_cmu.o
                0x0000f13c                CMU_LFXOInit
 .text.CMU_OscillatorEnable
                0x0000f18c      0x174 ./platform/emlib/src/em_cmu.o
                0x0000f18c                CMU_OscillatorEnable
 .text.CMU_OscillatorTuningGet
                0x0000f300       0x74 ./platform/emlib/src/em_cmu.o
                0x0000f300                CMU_OscillatorTuningGet
 .text.CMU_OscillatorTuningSet
                0x0000f374      0x100 ./platform/emlib/src/em_cmu.o
                0x0000f374                CMU_OscillatorTuningSet
 .text.CMU_OscillatorTuningWait
                0x0000f474       0x94 ./platform/emlib/src/em_cmu.o
                0x0000f474                CMU_OscillatorTuningWait
 .text.CMU_OscillatorTuningOptimize
                0x0000f508       0x58 ./platform/emlib/src/em_cmu.o
                0x0000f508                CMU_OscillatorTuningOptimize
 .text.CORE_EnterCritical
                0x0000f560       0x20 ./platform/emlib/src/em_core.o
                0x0000f560                CORE_EnterCritical
 .text.CORE_ExitCritical
                0x0000f580       0x1c ./platform/emlib/src/em_core.o
                0x0000f580                CORE_ExitCritical
 .text.CORE_EnterAtomic
                0x0000f59c       0x20 ./platform/emlib/src/em_core.o
                0x0000f59c                CORE_EnterAtomic
 .text.CORE_ExitAtomic
                0x0000f5bc       0x1c ./platform/emlib/src/em_core.o
                0x0000f5bc                CORE_ExitAtomic
 .text.CORE_SetNvicRamTableHandler
                0x0000f5d8       0x44 ./platform/emlib/src/em_core.o
                0x0000f5d8                CORE_SetNvicRamTableHandler
 .text.CORE_InitNvicVectorTable
                0x0000f61c       0xc8 ./platform/emlib/src/em_core.o
                0x0000f61c                CORE_InitNvicVectorTable
 .text.CRYPTO_BurstFromCrypto
                0x0000f6e4       0x40 ./platform/emlib/src/em_crypto.o
 .text.CRYPTO_ModulusSet
                0x0000f724       0x88 ./platform/emlib/src/em_crypto.o
                0x0000f724                CRYPTO_ModulusSet
 .text.CRYPTO_KeyRead
                0x0000f7ac       0x38 ./platform/emlib/src/em_crypto.o
                0x0000f7ac                CRYPTO_KeyRead
 .text.BUS_RegBitWrite
                0x0000f7e4       0x2c ./platform/emlib/src/em_emu.o
 .text.BUS_RegBitRead
                0x0000f810       0x2c ./platform/emlib/src/em_emu.o
 .text.SYSTEM_GetDevinfoRev
                0x0000f83c       0x18 ./platform/emlib/src/em_emu.o
 .text.dcdcConstCalibrationLoad
                0x0000f854       0xc4 ./platform/emlib/src/em_emu.o
 .text.dcdcValidatedConfigSet
                0x0000f918       0xb0 ./platform/emlib/src/em_emu.o
 .text.currentLimitersUpdate
                0x0000f9c8       0xe4 ./platform/emlib/src/em_emu.o
 .text.userCurrentLimitsSet
                0x0000faac       0x2c ./platform/emlib/src/em_emu.o
 .text.compCtrlSet
                0x0000fad8       0x3c ./platform/emlib/src/em_emu.o
 .text.lpCmpHystCalibrationLoad
                0x0000fb14       0xd0 ./platform/emlib/src/em_emu.o
 .text.lpGetDevinfoVrefLowHigh
                0x0000fbe4      0x164 ./platform/emlib/src/em_emu.o
 .text.EMU_DCDCModeSet
                0x0000fd48       0xb8 ./platform/emlib/src/em_emu.o
                0x0000fd48                EMU_DCDCModeSet
 .text.EMU_DCDCInit
                0x0000fe00      0x114 ./platform/emlib/src/em_emu.o
                0x0000fe00                EMU_DCDCInit
 .text.EMU_DCDCOutputVoltageSet
                0x0000ff14      0x20c ./platform/emlib/src/em_emu.o
                0x0000ff14                EMU_DCDCOutputVoltageSet
 .text.EMU_DCDCOptimizeSlice
                0x00010120       0xd8 ./platform/emlib/src/em_emu.o
                0x00010120                EMU_DCDCOptimizeSlice
 .text.EMU_DCDCLnRcoBandSet
                0x000101f8       0x54 ./platform/emlib/src/em_emu.o
                0x000101f8                EMU_DCDCLnRcoBandSet
 .text.EMU_SetBiasMode
                0x0001024c       0xa4 ./platform/emlib/src/em_emu.o
                0x0001024c                EMU_SetBiasMode
 .text.BUS_RegMaskedSet
                0x000102f0       0x24 ./platform/emlib/src/em_gpio.o
 .text.BUS_RegMaskedClear
                0x00010314       0x24 ./platform/emlib/src/em_gpio.o
 .text.BUS_RegMaskedWrite
                0x00010338       0x24 ./platform/emlib/src/em_gpio.o
 .text.GPIO_PinOutClear
                0x0001035c       0x58 ./platform/emlib/src/em_gpio.o
 .text.GPIO_PinOutSet
                0x000103b4       0x58 ./platform/emlib/src/em_gpio.o
 .text.GPIO_DriveStrengthSet
                0x0001040c       0x60 ./platform/emlib/src/em_gpio.o
                0x0001040c                GPIO_DriveStrengthSet
 .text.GPIO_PinModeSet
                0x0001046c      0x10c ./platform/emlib/src/em_gpio.o
                0x0001046c                GPIO_PinModeSet
 .text.MSC_Init
                0x00010578       0x24 ./platform/emlib/src/em_msc.o
                0x00010578                MSC_Init
 .text.MSC_Deinit
                0x0001059c       0x24 ./platform/emlib/src/em_msc.o
                0x0001059c                MSC_Deinit
 .text.RMU_ResetCauseClear
                0x000105c0       0x18 ./platform/emlib/src/em_rmu.o
                0x000105c0                RMU_ResetCauseClear
 .text.RMU_ResetCauseGet
                0x000105d8       0xdc ./platform/emlib/src/em_rmu.o
                0x000105d8                RMU_ResetCauseGet
 .text.RTCC_ChannelInit
                0x000106b4       0x5c ./platform/emlib/src/em_rtcc.o
                0x000106b4                RTCC_ChannelInit
 .text.RTCC_Init
                0x00010710       0x94 ./platform/emlib/src/em_rtcc.o
                0x00010710                RTCC_Init
 .text.SYSTEM_ChipRevisionGet
                0x000107a4       0x78 ./platform/emlib/src/em_system.o
                0x000107a4                SYSTEM_ChipRevisionGet
 .text.USART_BaudrateSyncSet
                0x0001081c       0x40 ./platform/emlib/src/em_usart.o
                0x0001081c                USART_BaudrateSyncSet
 .text.USART_InitSync
                0x0001085c       0xf0 ./platform/emlib/src/em_usart.o
                0x0001085c                USART_InitSync
 .text.USART_Reset
                0x0001094c       0x9c ./platform/emlib/src/em_usart.o
                0x0001094c                USART_Reset
 .text.USART_SpiTransfer
                0x000109e8       0x40 ./platform/emlib/src/em_usart.o
                0x000109e8                USART_SpiTransfer
 .text.cmu_init
                0x00010a28       0x14 ./src/cmu.o
                0x00010a28                cmu_init
 .text.gpio_init
                0x00010a3c       0x1c ./src/gpio.o
                0x00010a3c                gpio_init
 .text.eventDefault
                0x00010a58        0x2 G:\My Drive\CUB Study\Semester 2\IOT\LED_BLINKY_SDK2_7\platform\radio\rail_lib\autogen\librail_release\librail_efr32xg1_gcc_release.a(rail_rf_hal.o)
 *fill*         0x00010a5a        0x2 
 .text.setRssiPeriod
                0x00010a5c       0x18 G:\My Drive\CUB Study\Semester 2\IOT\LED_BLINKY_SDK2_7\platform\radio\rail_lib\autogen\librail_release\librail_efr32xg1_gcc_release.a(rail_rf_hal.o)
 .text.RFHAL_NotifyUserOfIrCal
                0x00010a74       0x80 G:\My Drive\CUB Study\Semester 2\IOT\LED_BLINKY_SDK2_7\platform\radio\rail_lib\autogen\librail_release\librail_efr32xg1_gcc_release.a(rail_rf_hal.o)
 *fill*         0x00010af4        0x4 
 .text.GENERIC_PHY_EventCallback
                0x00010af8      0x19c G:\My Drive\CUB Study\Semester 2\IOT\LED_BLINKY_SDK2_7\platform\radio\rail_lib\autogen\librail_release\librail_efr32xg1_gcc_release.a(rail_rf_hal.o)
                0x00010af8                GENERIC_PHY_EventCallback
 .text.RFHAL_IntEnable
                0x00010c94       0x56 G:\My Drive\CUB Study\Semester 2\IOT\LED_BLINKY_SDK2_7\platform\radio\rail_lib\autogen\librail_release\librail_efr32xg1_gcc_release.a(rail_rf_hal.o)
                0x00010c94                RFHAL_IntEnable
 *fill*         0x00010cea        0x2 
 .text.RFHAL_SetEventCallback
                0x00010cec       0x18 G:\My Drive\CUB Study\Semester 2\IOT\LED_BLINKY_SDK2_7\platform\radio\rail_lib\autogen\librail_release\librail_efr32xg1_gcc_release.a(rail_rf_hal.o)
                0x00010cec                RFHAL_SetEventCallback
 .text.RFHAL_SetPtiProtocol
                0x00010d04       0x20 G:\My Drive\CUB Study\Semester 2\IOT\LED_BLINKY_SDK2_7\platform\radio\rail_lib\autogen\librail_release\librail_efr32xg1_gcc_release.a(rail_rf_hal.o)
                0x00010d04                RFHAL_SetPtiProtocol
 .text.RFHAL_Idle
                0x00010d24       0x40 G:\My Drive\CUB Study\Semester 2\IOT\LED_BLINKY_SDK2_7\platform\radio\rail_lib\autogen\librail_release\librail_efr32xg1_gcc_release.a(rail_rf_hal.o)
                0x00010d24                RFHAL_Idle
 .text.RFHAL_GetRadioState
                0x00010d64       0x7c G:\My Drive\CUB Study\Semester 2\IOT\LED_BLINKY_SDK2_7\platform\radio\rail_lib\autogen\librail_release\librail_efr32xg1_gcc_release.a(rail_rf_hal.o)
                0x00010d64                RFHAL_GetRadioState
 .text.RFHAL_OkToTransmit
                0x00010de0       0x14 G:\My Drive\CUB Study\Semester 2\IOT\LED_BLINKY_SDK2_7\platform\radio\rail_lib\autogen\librail_release\librail_efr32xg1_gcc_release.a(rail_rf_hal.o)
                0x00010de0                RFHAL_OkToTransmit
 .text.RFHAL_ScheduleRx
                0x00010df4       0x74 G:\My Drive\CUB Study\Semester 2\IOT\LED_BLINKY_SDK2_7\platform\radio\rail_lib\autogen\librail_release\librail_efr32xg1_gcc_release.a(rail_rf_hal.o)
                0x00010df4                RFHAL_ScheduleRx
 .text.RFHAL_EnableRxRawCapture
                0x00010e68       0x5c G:\My Drive\CUB Study\Semester 2\IOT\LED_BLINKY_SDK2_7\platform\radio\rail_lib\autogen\librail_release\librail_efr32xg1_gcc_release.a(rail_rf_hal.o)
                0x00010e68                RFHAL_EnableRxRawCapture
 .text.RFHAL_DisableRxRawCapture
                0x00010ec4       0x38 G:\My Drive\CUB Study\Semester 2\IOT\LED_BLINKY_SDK2_7\platform\radio\rail_lib\autogen\librail_release\librail_efr32xg1_gcc_release.a(rail_rf_hal.o)
                0x00010ec4                RFHAL_DisableRxRawCapture
 .text.RFHAL_AcceptCrcErrors
                0x00010efc       0x18 G:\My Drive\CUB Study\Semester 2\IOT\LED_BLINKY_SDK2_7\platform\radio\rail_lib\autogen\librail_release\librail_efr32xg1_gcc_release.a(rail_rf_hal.o)
                0x00010efc                RFHAL_AcceptCrcErrors
 .text.RFHAL_ConfigRxOptions
                0x00010f14       0x74 G:\My Drive\CUB Study\Semester 2\IOT\LED_BLINKY_SDK2_7\platform\radio\rail_lib\autogen\librail_release\librail_efr32xg1_gcc_release.a(rail_rf_hal.o)
                0x00010f14                RFHAL_ConfigRxOptions
 .text.RFHAL_CancelTimer
                0x00010f88       0x28 G:\My Drive\CUB Study\Semester 2\IOT\LED_BLINKY_SDK2_7\platform\radio\rail_lib\autogen\librail_release\librail_efr32xg1_gcc_release.a(rail_rf_hal.o)
                0x00010f88                RFHAL_CancelTimer
 .text.RFHAL_SetTimer
                0x00010fb0       0x80 G:\My Drive\CUB Study\Semester 2\IOT\LED_BLINKY_SDK2_7\platform\radio\rail_lib\autogen\librail_release\librail_efr32xg1_gcc_release.a(rail_rf_hal.o)
                0x00010fb0                RFHAL_SetTimer
 .text.RFHAL_SetTxTransitions
                0x00011030       0x1c G:\My Drive\CUB Study\Semester 2\IOT\LED_BLINKY_SDK2_7\platform\radio\rail_lib\autogen\librail_release\librail_efr32xg1_gcc_release.a(rail_rf_hal.o)
                0x00011030                RFHAL_SetTxTransitions
 .text.RFHAL_SetRxTransitions
                0x0001104c       0x1c G:\My Drive\CUB Study\Semester 2\IOT\LED_BLINKY_SDK2_7\platform\radio\rail_lib\autogen\librail_release\librail_efr32xg1_gcc_release.a(rail_rf_hal.o)
                0x0001104c                RFHAL_SetRxTransitions
 .text.RFHAL_SetCRCInitVal
                0x00011068        0x4 G:\My Drive\CUB Study\Semester 2\IOT\LED_BLINKY_SDK2_7\platform\radio\rail_lib\autogen\librail_release\librail_efr32xg1_gcc_release.a(rail_rf_hal.o)
                0x00011068                RFHAL_SetCRCInitVal
 .text.RFHAL_ConfigTxPower
                0x0001106c        0xc G:\My Drive\CUB Study\Semester 2\IOT\LED_BLINKY_SDK2_7\platform\radio\rail_lib\autogen\librail_release\librail_efr32xg1_gcc_release.a(rail_rf_hal.o)
                0x0001106c                RFHAL_ConfigTxPower
 .text.RFHAL_SetTxPowerUnchecked
                0x00011078       0x18 G:\My Drive\CUB Study\Semester 2\IOT\LED_BLINKY_SDK2_7\platform\radio\rail_lib\autogen\librail_release\librail_efr32xg1_gcc_release.a(rail_rf_hal.o)
                0x00011078                RFHAL_SetTxPowerUnchecked
 .text.RFHAL_SetTxPower
                0x00011090       0x3c G:\My Drive\CUB Study\Semester 2\IOT\LED_BLINKY_SDK2_7\platform\radio\rail_lib\autogen\librail_release\librail_efr32xg1_gcc_release.a(rail_rf_hal.o)
                0x00011090                RFHAL_SetTxPower
 .text.RFHAL_GetTxPowerConfig
                0x000110cc        0xc G:\My Drive\CUB Study\Semester 2\IOT\LED_BLINKY_SDK2_7\platform\radio\rail_lib\autogen\librail_release\librail_efr32xg1_gcc_release.a(rail_rf_hal.o)
                0x000110cc                RFHAL_GetTxPowerConfig
 .text.RFHAL_GetTxPower
                0x000110d8        0x4 G:\My Drive\CUB Study\Semester 2\IOT\LED_BLINKY_SDK2_7\platform\radio\rail_lib\autogen\librail_release\librail_efr32xg1_gcc_release.a(rail_rf_hal.o)
                0x000110d8                RFHAL_GetTxPower
 .text.RFHAL_SetChannel
                0x000110dc       0x98 G:\My Drive\CUB Study\Semester 2\IOT\LED_BLINKY_SDK2_7\platform\radio\rail_lib\autogen\librail_release\librail_efr32xg1_gcc_release.a(rail_rf_hal.o)
                0x000110dc                RFHAL_SetChannel
 .text.RFHAL_IsAutoAckEnabled
                0x00011174        0x6 G:\My Drive\CUB Study\Semester 2\IOT\LED_BLINKY_SDK2_7\platform\radio\rail_lib\autogen\librail_release\librail_efr32xg1_gcc_release.a(rail_rf_hal.o)
                0x00011174                RFHAL_IsAutoAckEnabled
 *fill*         0x0001117a        0x2 
 .text.RFHAL_AutoAckWaitForAck
                0x0001117c       0x18 G:\My Drive\CUB Study\Semester 2\IOT\LED_BLINKY_SDK2_7\platform\radio\rail_lib\autogen\librail_release\librail_efr32xg1_gcc_release.a(rail_rf_hal.o)
                0x0001117c                RFHAL_AutoAckWaitForAck
 .text.preTxOps
                0x00011194       0xc4 G:\My Drive\CUB Study\Semester 2\IOT\LED_BLINKY_SDK2_7\platform\radio\rail_lib\autogen\librail_release\librail_efr32xg1_gcc_release.a(rail_rf_hal.o)
 .text.RFHAL_StartTx
                0x00011258       0x12 G:\My Drive\CUB Study\Semester 2\IOT\LED_BLINKY_SDK2_7\platform\radio\rail_lib\autogen\librail_release\librail_efr32xg1_gcc_release.a(rail_rf_hal.o)
                0x00011258                RFHAL_StartTx
 .text.RFHAL_StartScheduledTx
                0x0001126a       0x3a G:\My Drive\CUB Study\Semester 2\IOT\LED_BLINKY_SDK2_7\platform\radio\rail_lib\autogen\librail_release\librail_efr32xg1_gcc_release.a(rail_rf_hal.o)
                0x0001126a                RFHAL_StartScheduledTx
 .text.RFHAL_GetRxPacketInfo
                0x000112a4       0x48 G:\My Drive\CUB Study\Semester 2\IOT\LED_BLINKY_SDK2_7\platform\radio\rail_lib\autogen\librail_release\librail_efr32xg1_gcc_release.a(rail_rf_hal.o)
                0x000112a4                RFHAL_GetRxPacketInfo
 .text.RFHAL_GetRxPacketDetails
                0x000112ec       0xcc G:\My Drive\CUB Study\Semester 2\IOT\LED_BLINKY_SDK2_7\platform\radio\rail_lib\autogen\librail_release\librail_efr32xg1_gcc_release.a(rail_rf_hal.o)
                0x000112ec                RFHAL_GetRxPacketDetails
 .text.RFHAL_SetTxBuffer
                0x000113b8       0x3a G:\My Drive\CUB Study\Semester 2\IOT\LED_BLINKY_SDK2_7\platform\radio\rail_lib\autogen\librail_release\librail_efr32xg1_gcc_release.a(rail_rf_hal.o)
                0x000113b8                RFHAL_SetTxBuffer
 *fill*         0x000113f2        0x2 
 .text.RFHAL_ResetTxFifo
                0x000113f4       0x2c G:\My Drive\CUB Study\Semester 2\IOT\LED_BLINKY_SDK2_7\platform\radio\rail_lib\autogen\librail_release\librail_efr32xg1_gcc_release.a(rail_rf_hal.o)
                0x000113f4                RFHAL_ResetTxFifo
 .text.RFHAL_WriteTxFifo
                0x00011420       0x28 G:\My Drive\CUB Study\Semester 2\IOT\LED_BLINKY_SDK2_7\platform\radio\rail_lib\autogen\librail_release\librail_efr32xg1_gcc_release.a(rail_rf_hal.o)
                0x00011420                RFHAL_WriteTxFifo
 .text.RFHAL_ResetRxFifo
                0x00011448       0x40 G:\My Drive\CUB Study\Semester 2\IOT\LED_BLINKY_SDK2_7\platform\radio\rail_lib\autogen\librail_release\librail_efr32xg1_gcc_release.a(rail_rf_hal.o)
                0x00011448                RFHAL_ResetRxFifo
 .text.RFHAL_ConfigData
                0x00011488       0x7c G:\My Drive\CUB Study\Semester 2\IOT\LED_BLINKY_SDK2_7\platform\radio\rail_lib\autogen\librail_release\librail_efr32xg1_gcc_release.a(rail_rf_hal.o)
                0x00011488                RFHAL_ConfigData
 .text.RFHAL_Init
                0x00011504       0xa0 G:\My Drive\CUB Study\Semester 2\IOT\LED_BLINKY_SDK2_7\platform\radio\rail_lib\autogen\librail_release\librail_efr32xg1_gcc_release.a(rail_rf_hal.o)
                0x00011504                RFHAL_Init
 .text.RFHAL_SetFixedLength
                0x000115a4       0x8c G:\My Drive\CUB Study\Semester 2\IOT\LED_BLINKY_SDK2_7\platform\radio\rail_lib\autogen\librail_release\librail_efr32xg1_gcc_release.a(rail_rf_hal.o)
                0x000115a4                RFHAL_SetFixedLength
 .text.RFHAL_SetAbortScheduledTxDuringRx
                0x00011630       0x18 G:\My Drive\CUB Study\Semester 2\IOT\LED_BLINKY_SDK2_7\platform\radio\rail_lib\autogen\librail_release\librail_efr32xg1_gcc_release.a(rail_rf_hal.o)
                0x00011630                RFHAL_SetAbortScheduledTxDuringRx
 .text.RFHAL_ConfigRadio
                0x00011648       0xe0 G:\My Drive\CUB Study\Semester 2\IOT\LED_BLINKY_SDK2_7\platform\radio\rail_lib\autogen\librail_release\librail_efr32xg1_gcc_release.a(rail_rf_hal.o)
                0x00011648                RFHAL_ConfigRadio
 .text.RFHAL_GetTime
                0x00011728        0xe G:\My Drive\CUB Study\Semester 2\IOT\LED_BLINKY_SDK2_7\platform\radio\rail_lib\autogen\librail_release\librail_efr32xg1_gcc_release.a(rail_rf_hal.o)
                0x00011728                RFHAL_GetTime
 .text.RFHAL_GetRadioEntropy
                0x00011736        0x4 G:\My Drive\CUB Study\Semester 2\IOT\LED_BLINKY_SDK2_7\platform\radio\rail_lib\autogen\librail_release\librail_efr32xg1_gcc_release.a(rail_rf_hal.o)
                0x00011736                RFHAL_GetRadioEntropy
 .text.RFHAL_SetStateTiming
                0x0001173a       0x4e G:\My Drive\CUB Study\Semester 2\IOT\LED_BLINKY_SDK2_7\platform\radio\rail_lib\autogen\librail_release\librail_efr32xg1_gcc_release.a(rail_rf_hal.o)
                0x0001173a                RFHAL_SetStateTiming
 .text.RAIL_Init
                0x00011788       0x20 G:\My Drive\CUB Study\Semester 2\IOT\LED_BLINKY_SDK2_7\platform\radio\rail_lib\autogen\librail_release\librail_efr32xg1_gcc_release.a(rail_singleprotocol.o)
                0x00011788                RAIL_Init
 .text.RAIL_GetSchedulerStatus
                0x000117a8        0x4 G:\My Drive\CUB Study\Semester 2\IOT\LED_BLINKY_SDK2_7\platform\radio\rail_lib\autogen\librail_release\librail_efr32xg1_gcc_release.a(rail_singleprotocol.o)
                0x000117a8                RAIL_GetSchedulerStatus
 .text.RAIL_Idle
                0x000117ac        0x8 G:\My Drive\CUB Study\Semester 2\IOT\LED_BLINKY_SDK2_7\platform\radio\rail_lib\autogen\librail_release\librail_efr32xg1_gcc_release.a(rail_singleprotocol.o)
                0x000117ac                RAIL_Idle
 .text.RAIL_YieldRadio
                0x000117b4        0x2 G:\My Drive\CUB Study\Semester 2\IOT\LED_BLINKY_SDK2_7\platform\radio\rail_lib\autogen\librail_release\librail_efr32xg1_gcc_release.a(rail_singleprotocol.o)
                0x000117b4                RAIL_YieldRadio
 .text.RAIL_GetRadioEntropy
                0x000117b6        0x8 G:\My Drive\CUB Study\Semester 2\IOT\LED_BLINKY_SDK2_7\platform\radio\rail_lib\autogen\librail_release\librail_efr32xg1_gcc_release.a(rail_singleprotocol.o)
                0x000117b6                RAIL_GetRadioEntropy
 .text.RAIL_SetTimer
                0x000117be       0x14 G:\My Drive\CUB Study\Semester 2\IOT\LED_BLINKY_SDK2_7\platform\radio\rail_lib\autogen\librail_release\librail_efr32xg1_gcc_release.a(rail_singleprotocol.o)
                0x000117be                RAIL_SetTimer
 .text.RAIL_CancelTimer
                0x000117d2        0x4 G:\My Drive\CUB Study\Semester 2\IOT\LED_BLINKY_SDK2_7\platform\radio\rail_lib\autogen\librail_release\librail_efr32xg1_gcc_release.a(rail_singleprotocol.o)
                0x000117d2                RAIL_CancelTimer
 .text.RAIL_StartTx
                0x000117d6        0xa G:\My Drive\CUB Study\Semester 2\IOT\LED_BLINKY_SDK2_7\platform\radio\rail_lib\autogen\librail_release\librail_efr32xg1_gcc_release.a(rail_singleprotocol.o)
                0x000117d6                RAIL_StartTx
 .text.RAIL_StartScheduledTx
                0x000117e0        0xa G:\My Drive\CUB Study\Semester 2\IOT\LED_BLINKY_SDK2_7\platform\radio\rail_lib\autogen\librail_release\librail_efr32xg1_gcc_release.a(rail_singleprotocol.o)
                0x000117e0                RAIL_StartScheduledTx
 .text.RAIL_ScheduleRx
                0x000117ea        0xa G:\My Drive\CUB Study\Semester 2\IOT\LED_BLINKY_SDK2_7\platform\radio\rail_lib\autogen\librail_release\librail_efr32xg1_gcc_release.a(rail_singleprotocol.o)
                0x000117ea                RAIL_ScheduleRx
 .text.radioConfigChangedDefault
                0x000117f4        0x2 G:\My Drive\CUB Study\Semester 2\IOT\LED_BLINKY_SDK2_7\platform\radio\rail_lib\autogen\librail_release\librail_efr32xg1_gcc_release.a(rail_rf.o)
 .text.isTransitionState
                0x000117f6       0x12 G:\My Drive\CUB Study\Semester 2\IOT\LED_BLINKY_SDK2_7\platform\radio\rail_lib\autogen\librail_release\librail_efr32xg1_gcc_release.a(rail_rf.o)
 .text.RAILCore_Init
                0x00011808       0x12 G:\My Drive\CUB Study\Semester 2\IOT\LED_BLINKY_SDK2_7\platform\radio\rail_lib\autogen\librail_release\librail_efr32xg1_gcc_release.a(rail_rf.o)
                0x00011808                RAILCore_Init
 *fill*         0x0001181a        0x2 
 .text.RAILInt_SetCallbackConfig
                0x0001181c       0x20 G:\My Drive\CUB Study\Semester 2\IOT\LED_BLINKY_SDK2_7\platform\radio\rail_lib\autogen\librail_release\librail_efr32xg1_gcc_release.a(rail_rf.o)
                0x0001181c                RAILInt_SetCallbackConfig
 .text.RAILCore_Idle
                0x0001183c       0x14 G:\My Drive\CUB Study\Semester 2\IOT\LED_BLINKY_SDK2_7\platform\radio\rail_lib\autogen\librail_release\librail_efr32xg1_gcc_release.a(rail_rf.o)
                0x0001183c                RAILCore_Idle
 .text.RAILCore_GetRadioState
                0x00011850        0x4 G:\My Drive\CUB Study\Semester 2\IOT\LED_BLINKY_SDK2_7\platform\radio\rail_lib\autogen\librail_release\librail_efr32xg1_gcc_release.a(rail_rf.o)
                0x00011850                RAILCore_GetRadioState
 .text.RAIL_SetStateTiming
                0x00011854        0xa G:\My Drive\CUB Study\Semester 2\IOT\LED_BLINKY_SDK2_7\platform\radio\rail_lib\autogen\librail_release\librail_efr32xg1_gcc_release.a(rail_rf.o)
                0x00011854                RAIL_SetStateTiming
 *fill*         0x0001185e        0x2 
 .text.RAILInt_IsPowerInRange
                0x00011860       0x3c G:\My Drive\CUB Study\Semester 2\IOT\LED_BLINKY_SDK2_7\platform\radio\rail_lib\autogen\librail_release\librail_efr32xg1_gcc_release.a(rail_rf.o)
                0x00011860                RAILInt_IsPowerInRange
 .text.RAILInt_SetChannel
                0x0001189c      0x1d8 G:\My Drive\CUB Study\Semester 2\IOT\LED_BLINKY_SDK2_7\platform\radio\rail_lib\autogen\librail_release\librail_efr32xg1_gcc_release.a(rail_rf.o)
                0x0001189c                RAILInt_SetChannel
 .text.RAILCore_ConfigChannels
                0x00011a74       0x58 G:\My Drive\CUB Study\Semester 2\IOT\LED_BLINKY_SDK2_7\platform\radio\rail_lib\autogen\librail_release\librail_efr32xg1_gcc_release.a(rail_rf.o)
                0x00011a74                RAILCore_ConfigChannels
 .text.RAILInt_GetChannel
                0x00011acc        0x4 G:\My Drive\CUB Study\Semester 2\IOT\LED_BLINKY_SDK2_7\platform\radio\rail_lib\autogen\librail_release\librail_efr32xg1_gcc_release.a(rail_rf.o)
                0x00011acc                RAILInt_GetChannel
 .text.RAILCore_SetTxTransitions
                0x00011ad0       0x3c G:\My Drive\CUB Study\Semester 2\IOT\LED_BLINKY_SDK2_7\platform\radio\rail_lib\autogen\librail_release\librail_efr32xg1_gcc_release.a(rail_rf.o)
                0x00011ad0                RAILCore_SetTxTransitions
 .text.RAIL_SetTxTransitions
                0x00011b0c        0xa G:\My Drive\CUB Study\Semester 2\IOT\LED_BLINKY_SDK2_7\platform\radio\rail_lib\autogen\librail_release\librail_efr32xg1_gcc_release.a(rail_rf.o)
                0x00011b0c                RAIL_SetTxTransitions
 .text.RAILCore_SetRxTransitions
                0x00011b16       0x38 G:\My Drive\CUB Study\Semester 2\IOT\LED_BLINKY_SDK2_7\platform\radio\rail_lib\autogen\librail_release\librail_efr32xg1_gcc_release.a(rail_rf.o)
                0x00011b16                RAILCore_SetRxTransitions
 .text.RAIL_SetRxTransitions
                0x00011b4e        0xa G:\My Drive\CUB Study\Semester 2\IOT\LED_BLINKY_SDK2_7\platform\radio\rail_lib\autogen\librail_release\librail_efr32xg1_gcc_release.a(rail_rf.o)
                0x00011b4e                RAIL_SetRxTransitions
 .text.RAIL_ConfigEvents
                0x00011b58       0x14 G:\My Drive\CUB Study\Semester 2\IOT\LED_BLINKY_SDK2_7\platform\radio\rail_lib\autogen\librail_release\librail_efr32xg1_gcc_release.a(rail_rf.o)
                0x00011b58                RAIL_ConfigEvents
 .text.RAIL_ConfigRxOptions
                0x00011b6c        0xa G:\My Drive\CUB Study\Semester 2\IOT\LED_BLINKY_SDK2_7\platform\radio\rail_lib\autogen\librail_release\librail_efr32xg1_gcc_release.a(rail_rx.o)
                0x00011b6c                RAIL_ConfigRxOptions
 .text.RAILCore_ScheduleRx
                0x00011b76       0x2c G:\My Drive\CUB Study\Semester 2\IOT\LED_BLINKY_SDK2_7\platform\radio\rail_lib\autogen\librail_release\librail_efr32xg1_gcc_release.a(rail_rx.o)
                0x00011b76                RAILCore_ScheduleRx
 .text.RAILInt_PreTxOps
                0x00011ba2       0x1c G:\My Drive\CUB Study\Semester 2\IOT\LED_BLINKY_SDK2_7\platform\radio\rail_lib\autogen\librail_release\librail_efr32xg1_gcc_release.a(rail_tx.o)
                0x00011ba2                RAILInt_PreTxOps
 .text.RAILCore_StartTx
                0x00011bbe       0x1a G:\My Drive\CUB Study\Semester 2\IOT\LED_BLINKY_SDK2_7\platform\radio\rail_lib\autogen\librail_release\librail_efr32xg1_gcc_release.a(rail_tx.o)
                0x00011bbe                RAILCore_StartTx
 .text.RAILCore_StartScheduledTx
                0x00011bd8       0x1e G:\My Drive\CUB Study\Semester 2\IOT\LED_BLINKY_SDK2_7\platform\radio\rail_lib\autogen\librail_release\librail_efr32xg1_gcc_release.a(rail_tx.o)
                0x00011bd8                RAILCore_StartScheduledTx
 .text.RAIL_SetTxPower
                0x00011bf6        0xa G:\My Drive\CUB Study\Semester 2\IOT\LED_BLINKY_SDK2_7\platform\radio\rail_lib\autogen\librail_release\librail_efr32xg1_gcc_release.a(rail_tx.o)
                0x00011bf6                RAIL_SetTxPower
 .text.RAIL_GetTxPower
                0x00011c00        0xa G:\My Drive\CUB Study\Semester 2\IOT\LED_BLINKY_SDK2_7\platform\radio\rail_lib\autogen\librail_release\librail_efr32xg1_gcc_release.a(rail_tx.o)
                0x00011c00                RAIL_GetTxPower
 .text.RAIL_ConfigTxPower
                0x00011c0a       0x1a G:\My Drive\CUB Study\Semester 2\IOT\LED_BLINKY_SDK2_7\platform\radio\rail_lib\autogen\librail_release\librail_efr32xg1_gcc_release.a(rail_tx.o)
                0x00011c0a                RAIL_ConfigTxPower
 .text.RAILInt_PendCal
                0x00011c24       0x24 G:\My Drive\CUB Study\Semester 2\IOT\LED_BLINKY_SDK2_7\platform\radio\rail_lib\autogen\librail_release\librail_efr32xg1_gcc_release.a(rail_calibration.o)
                0x00011c24                RAILInt_PendCal
 .text.RAILCb_AssertFailed
                0x00011c48       0x14 G:\My Drive\CUB Study\Semester 2\IOT\LED_BLINKY_SDK2_7\platform\radio\rail_lib\autogen\librail_release\librail_efr32xg1_gcc_release.a(rail_assert.o)
                0x00011c48                RAILCb_AssertFailed
 .text.RAILInt_Assert
                0x00011c5c       0x1c G:\My Drive\CUB Study\Semester 2\IOT\LED_BLINKY_SDK2_7\platform\radio\rail_lib\autogen\librail_release\librail_efr32xg1_gcc_release.a(rail_assert.o)
                0x00011c5c                RAILInt_Assert
 .text.RAILCore_GetRadioEntropy
                0x00011c78        0x4 G:\My Drive\CUB Study\Semester 2\IOT\LED_BLINKY_SDK2_7\platform\radio\rail_lib\autogen\librail_release\librail_efr32xg1_gcc_release.a(rail_rssi.o)
                0x00011c78                RAILCore_GetRadioEntropy
 .text.BUFC_ReadHelper
                0x00011c7c       0x7c G:\My Drive\CUB Study\Semester 2\IOT\LED_BLINKY_SDK2_7\platform\radio\rail_lib\autogen\librail_release\librail_efr32xg1_gcc_release.a(bufc.o)
 .text.checkAndAddRxLenOverflowEntry
                0x00011cf8       0x3c G:\My Drive\CUB Study\Semester 2\IOT\LED_BLINKY_SDK2_7\platform\radio\rail_lib\autogen\librail_release\librail_efr32xg1_gcc_release.a(bufc.o)
 .text.BUFC_SetTxBuffer
                0x00011d34       0x38 G:\My Drive\CUB Study\Semester 2\IOT\LED_BLINKY_SDK2_7\platform\radio\rail_lib\autogen\librail_release\librail_efr32xg1_gcc_release.a(bufc.o)
                0x00011d34                BUFC_SetTxBuffer
 .text.BUFC_WriteBuffer
                0x00011d6c       0xa8 G:\My Drive\CUB Study\Semester 2\IOT\LED_BLINKY_SDK2_7\platform\radio\rail_lib\autogen\librail_release\librail_efr32xg1_gcc_release.a(bufc.o)
                0x00011d6c                BUFC_WriteBuffer
 .text.BUFC_Peek
                0x00011e14       0x12 G:\My Drive\CUB Study\Semester 2\IOT\LED_BLINKY_SDK2_7\platform\radio\rail_lib\autogen\librail_release\librail_efr32xg1_gcc_release.a(bufc.o)
                0x00011e14                BUFC_Peek
 .text.BUFC_PeekByte
                0x00011e26       0x34 G:\My Drive\CUB Study\Semester 2\IOT\LED_BLINKY_SDK2_7\platform\radio\rail_lib\autogen\librail_release\librail_efr32xg1_gcc_release.a(bufc.o)
                0x00011e26                BUFC_PeekByte
 *fill*         0x00011e5a        0x2 
 .text.BUFC_GetSpaceAvailable
                0x00011e5c       0x28 G:\My Drive\CUB Study\Semester 2\IOT\LED_BLINKY_SDK2_7\platform\radio\rail_lib\autogen\librail_release\librail_efr32xg1_gcc_release.a(bufc.o)
                0x00011e5c                BUFC_GetSpaceAvailable
 .text.BUFC_GetBytesAvailable
                0x00011e84       0x14 G:\My Drive\CUB Study\Semester 2\IOT\LED_BLINKY_SDK2_7\platform\radio\rail_lib\autogen\librail_release\librail_efr32xg1_gcc_release.a(bufc.o)
                0x00011e84                BUFC_GetBytesAvailable
 .text.BUFC_TxAckBufferSet
                0x00011e98       0x38 G:\My Drive\CUB Study\Semester 2\IOT\LED_BLINKY_SDK2_7\platform\radio\rail_lib\autogen\librail_release\librail_efr32xg1_gcc_release.a(bufc.o)
                0x00011e98                BUFC_TxAckBufferSet
 .text.BUFC_TxAckBufferReset
                0x00011ed0        0x8 G:\My Drive\CUB Study\Semester 2\IOT\LED_BLINKY_SDK2_7\platform\radio\rail_lib\autogen\librail_release\librail_efr32xg1_gcc_release.a(bufc.o)
                0x00011ed0                BUFC_TxAckBufferReset
 .text.BUFC_RxBufferReset
                0x00011ed8       0x5c G:\My Drive\CUB Study\Semester 2\IOT\LED_BLINKY_SDK2_7\platform\radio\rail_lib\autogen\librail_release\librail_efr32xg1_gcc_release.a(bufc.o)
                0x00011ed8                BUFC_RxBufferReset
 .text.BUFC_Init
                0x00011f34       0x98 G:\My Drive\CUB Study\Semester 2\IOT\LED_BLINKY_SDK2_7\platform\radio\rail_lib\autogen\librail_release\librail_efr32xg1_gcc_release.a(bufc.o)
                0x00011f34                BUFC_Init
 .text.BUFC_RxBufferBytesAvailable
                0x00011fcc       0x10 G:\My Drive\CUB Study\Semester 2\IOT\LED_BLINKY_SDK2_7\platform\radio\rail_lib\autogen\librail_release\librail_efr32xg1_gcc_release.a(bufc.o)
                0x00011fcc                BUFC_RxBufferBytesAvailable
 .text.BUFC_ReleaseRxPacket
                0x00011fdc      0x10c G:\My Drive\CUB Study\Semester 2\IOT\LED_BLINKY_SDK2_7\platform\radio\rail_lib\autogen\librail_release\librail_efr32xg1_gcc_release.a(bufc.o)
                0x00011fdc                BUFC_ReleaseRxPacket
 .text.BUFC_StartRxLenThrEvent
                0x000120e8       0x8c G:\My Drive\CUB Study\Semester 2\IOT\LED_BLINKY_SDK2_7\platform\radio\rail_lib\autogen\librail_release\librail_efr32xg1_gcc_release.a(bufc.o)
                0x000120e8                BUFC_StartRxLenThrEvent
 .text.BUFC_EndRxLenThrEvent
                0x00012174       0x1c G:\My Drive\CUB Study\Semester 2\IOT\LED_BLINKY_SDK2_7\platform\radio\rail_lib\autogen\librail_release\librail_efr32xg1_gcc_release.a(bufc.o)
                0x00012174                BUFC_EndRxLenThrEvent
 .text.BUFC_HandleRxLenOvfEvent
                0x00012190       0x28 G:\My Drive\CUB Study\Semester 2\IOT\LED_BLINKY_SDK2_7\platform\radio\rail_lib\autogen\librail_release\librail_efr32xg1_gcc_release.a(bufc.o)
                0x00012190                BUFC_HandleRxLenOvfEvent
 .text.BUFC_GetRxPacketInfo
                0x000121b8      0x138 G:\My Drive\CUB Study\Semester 2\IOT\LED_BLINKY_SDK2_7\platform\radio\rail_lib\autogen\librail_release\librail_efr32xg1_gcc_release.a(bufc.o)
                0x000121b8                BUFC_GetRxPacketInfo
 .text.IRCAL_Set
                0x000122f0       0x1c G:\My Drive\CUB Study\Semester 2\IOT\LED_BLINKY_SDK2_7\platform\radio\rail_lib\autogen\librail_release\librail_efr32xg1_gcc_release.a(ir_cal.o)
                0x000122f0                IRCAL_Set
 .text.IRCAL_Init
                0x0001230c       0xa8 G:\My Drive\CUB Study\Semester 2\IOT\LED_BLINKY_SDK2_7\platform\radio\rail_lib\autogen\librail_release\librail_efr32xg1_gcc_release.a(ir_cal.o)
                0x0001230c                IRCAL_Init
 .text.PA_ProtectPa
                0x000123b4       0xbc G:\My Drive\CUB Study\Semester 2\IOT\LED_BLINKY_SDK2_7\platform\radio\rail_lib\autogen\librail_release\librail_efr32xg1_gcc_release.a(pa.o)
 .text.getRampTimeFromLevelAndRate
                0x00012470       0x20 G:\My Drive\CUB Study\Semester 2\IOT\LED_BLINKY_SDK2_7\platform\radio\rail_lib\autogen\librail_release\librail_efr32xg1_gcc_release.a(pa.o)
 .text.PA_GetTxPowerConfig
                0x00012490       0x14 G:\My Drive\CUB Study\Semester 2\IOT\LED_BLINKY_SDK2_7\platform\radio\rail_lib\autogen\librail_release\librail_efr32xg1_gcc_release.a(pa.o)
                0x00012490                PA_GetTxPowerConfig
 .text.PA_GetPowerLevel
                0x000124a4        0xc G:\My Drive\CUB Study\Semester 2\IOT\LED_BLINKY_SDK2_7\platform\radio\rail_lib\autogen\librail_release\librail_efr32xg1_gcc_release.a(pa.o)
                0x000124a4                PA_GetPowerLevel
 .text.PA_SetPowerLevel
                0x000124b0      0x194 G:\My Drive\CUB Study\Semester 2\IOT\LED_BLINKY_SDK2_7\platform\radio\rail_lib\autogen\librail_release\librail_efr32xg1_gcc_release.a(pa.o)
                0x000124b0                PA_SetPowerLevel
 .text.PA_RunPeakDetectorHigh
                0x00012644       0x4c G:\My Drive\CUB Study\Semester 2\IOT\LED_BLINKY_SDK2_7\platform\radio\rail_lib\autogen\librail_release\librail_efr32xg1_gcc_release.a(pa.o)
                0x00012644                PA_RunPeakDetectorHigh
 .text.PA_RunPeakDetectorLow
                0x00012690        0x2 G:\My Drive\CUB Study\Semester 2\IOT\LED_BLINKY_SDK2_7\platform\radio\rail_lib\autogen\librail_release\librail_efr32xg1_gcc_release.a(pa.o)
                0x00012690                PA_RunPeakDetectorLow
 *fill*         0x00012692        0x2 
 .text.PA_RunBatHigh
                0x00012694       0x2c G:\My Drive\CUB Study\Semester 2\IOT\LED_BLINKY_SDK2_7\platform\radio\rail_lib\autogen\librail_release\librail_efr32xg1_gcc_release.a(pa.o)
                0x00012694                PA_RunBatHigh
 .text.PA_GetRampTime
                0x000126c0        0xc G:\My Drive\CUB Study\Semester 2\IOT\LED_BLINKY_SDK2_7\platform\radio\rail_lib\autogen\librail_release\librail_efr32xg1_gcc_release.a(pa.o)
                0x000126c0                PA_GetRampTime
 .text.PA_ConfigRamp
                0x000126cc       0x20 G:\My Drive\CUB Study\Semester 2\IOT\LED_BLINKY_SDK2_7\platform\radio\rail_lib\autogen\librail_release\librail_efr32xg1_gcc_release.a(pa.o)
                0x000126cc                PA_ConfigRamp
 .text.PA_CalcRampTime
                0x000126ec       0x44 G:\My Drive\CUB Study\Semester 2\IOT\LED_BLINKY_SDK2_7\platform\radio\rail_lib\autogen\librail_release\librail_efr32xg1_gcc_release.a(pa.o)
                0x000126ec                PA_CalcRampTime
 .text.PA_SetRampTime
                0x00012730       0xac G:\My Drive\CUB Study\Semester 2\IOT\LED_BLINKY_SDK2_7\platform\radio\rail_lib\autogen\librail_release\librail_efr32xg1_gcc_release.a(pa.o)
                0x00012730                PA_SetRampTime
 .text.PA_SelectBand
                0x000127dc       0x50 G:\My Drive\CUB Study\Semester 2\IOT\LED_BLINKY_SDK2_7\platform\radio\rail_lib\autogen\librail_release\librail_efr32xg1_gcc_release.a(pa.o)
                0x000127dc                PA_SelectBand
 .text.PA_Config
                0x0001282c      0x15c G:\My Drive\CUB Study\Semester 2\IOT\LED_BLINKY_SDK2_7\platform\radio\rail_lib\autogen\librail_release\librail_efr32xg1_gcc_release.a(pa.o)
                0x0001282c                PA_Config
 .text.PA_UpdateConfig
                0x00012988       0x38 G:\My Drive\CUB Study\Semester 2\IOT\LED_BLINKY_SDK2_7\platform\radio\rail_lib\autogen\librail_release\librail_efr32xg1_gcc_release.a(pa.o)
                0x00012988                PA_UpdateConfig
 .text.PROTIMER_Init
                0x000129c0      0x108 G:\My Drive\CUB Study\Semester 2\IOT\LED_BLINKY_SDK2_7\platform\radio\rail_lib\autogen\librail_release\librail_efr32xg1_gcc_release.a(protimer.o)
                0x000129c0                PROTIMER_Init
 .text.PROTIMER_Start
                0x00012ac8       0x1c G:\My Drive\CUB Study\Semester 2\IOT\LED_BLINKY_SDK2_7\platform\radio\rail_lib\autogen\librail_release\librail_efr32xg1_gcc_release.a(protimer.o)
                0x00012ac8                PROTIMER_Start
 .text.PROTIMER_IsRunning
                0x00012ae4       0x10 G:\My Drive\CUB Study\Semester 2\IOT\LED_BLINKY_SDK2_7\platform\radio\rail_lib\autogen\librail_release\librail_efr32xg1_gcc_release.a(protimer.o)
                0x00012ae4                PROTIMER_IsRunning
 .text.PROTIMER_ElapsedTime
                0x00012af4       0x18 G:\My Drive\CUB Study\Semester 2\IOT\LED_BLINKY_SDK2_7\platform\radio\rail_lib\autogen\librail_release\librail_efr32xg1_gcc_release.a(protimer.o)
                0x00012af4                PROTIMER_ElapsedTime
 .text.PROTIMER_CCTimerStop
                0x00012b0c       0x20 G:\My Drive\CUB Study\Semester 2\IOT\LED_BLINKY_SDK2_7\platform\radio\rail_lib\autogen\librail_release\librail_efr32xg1_gcc_release.a(protimer.o)
                0x00012b0c                PROTIMER_CCTimerStop
 .text.PROTIMER_CCTimerStart
                0x00012b2c      0x164 G:\My Drive\CUB Study\Semester 2\IOT\LED_BLINKY_SDK2_7\platform\radio\rail_lib\autogen\librail_release\librail_efr32xg1_gcc_release.a(protimer.o)
                0x00012b2c                PROTIMER_CCTimerStart
 .text.PROTIMER_WrapMultiple
                0x00012c90       0x12 G:\My Drive\CUB Study\Semester 2\IOT\LED_BLINKY_SDK2_7\platform\radio\rail_lib\autogen\librail_release\librail_efr32xg1_gcc_release.a(protimer.o)
                0x00012c90                PROTIMER_WrapMultiple
 *fill*         0x00012ca2        0x2 
 .text.PROTIMER_CCTimerIsEnabled
                0x00012ca4       0x10 G:\My Drive\CUB Study\Semester 2\IOT\LED_BLINKY_SDK2_7\platform\radio\rail_lib\autogen\librail_release\librail_efr32xg1_gcc_release.a(protimer.o)
                0x00012ca4                PROTIMER_CCTimerIsEnabled
 .text.PROTIMER_CCTimerCapture
                0x00012cb4       0x14 G:\My Drive\CUB Study\Semester 2\IOT\LED_BLINKY_SDK2_7\platform\radio\rail_lib\autogen\librail_release\librail_efr32xg1_gcc_release.a(protimer.o)
                0x00012cb4                PROTIMER_CCTimerCapture
 .text.PROTIMER_ScheduleTxEnable
                0x00012cc8       0x2c G:\My Drive\CUB Study\Semester 2\IOT\LED_BLINKY_SDK2_7\platform\radio\rail_lib\autogen\librail_release\librail_efr32xg1_gcc_release.a(protimer.o)
                0x00012cc8                PROTIMER_ScheduleTxEnable
 .text.PROTIMER_ClearTxEnable
                0x00012cf4        0xc G:\My Drive\CUB Study\Semester 2\IOT\LED_BLINKY_SDK2_7\platform\radio\rail_lib\autogen\librail_release\librail_efr32xg1_gcc_release.a(protimer.o)
                0x00012cf4                PROTIMER_ClearTxEnable
 .text.PROTIMER_ScheduleRxEnable
                0x00012d00       0x2c G:\My Drive\CUB Study\Semester 2\IOT\LED_BLINKY_SDK2_7\platform\radio\rail_lib\autogen\librail_release\librail_efr32xg1_gcc_release.a(protimer.o)
                0x00012d00                PROTIMER_ScheduleRxEnable
 .text.PROTIMER_ScheduleRxDisable
                0x00012d2c       0x38 G:\My Drive\CUB Study\Semester 2\IOT\LED_BLINKY_SDK2_7\platform\radio\rail_lib\autogen\librail_release\librail_efr32xg1_gcc_release.a(protimer.o)
                0x00012d2c                PROTIMER_ScheduleRxDisable
 .text.PROTIMER_ClearRxEnable
                0x00012d64       0x10 G:\My Drive\CUB Study\Semester 2\IOT\LED_BLINKY_SDK2_7\platform\radio\rail_lib\autogen\librail_release\librail_efr32xg1_gcc_release.a(protimer.o)
                0x00012d64                PROTIMER_ClearRxEnable
 .text.PROTIMER_GetTime
                0x00012d74        0xc G:\My Drive\CUB Study\Semester 2\IOT\LED_BLINKY_SDK2_7\platform\radio\rail_lib\autogen\librail_release\librail_efr32xg1_gcc_release.a(protimer.o)
                0x00012d74                PROTIMER_GetTime
 .text.PROTIMER_LBTStop
                0x00012d80       0x18 G:\My Drive\CUB Study\Semester 2\IOT\LED_BLINKY_SDK2_7\platform\radio\rail_lib\autogen\librail_release\librail_efr32xg1_gcc_release.a(protimer.o)
                0x00012d80                PROTIMER_LBTStop
 .text.PROTIMER_PrecntOverflowToUs
                0x00012d98       0x38 G:\My Drive\CUB Study\Semester 2\IOT\LED_BLINKY_SDK2_7\platform\radio\rail_lib\autogen\librail_release\librail_efr32xg1_gcc_release.a(protimer.o)
                0x00012d98                PROTIMER_PrecntOverflowToUs
 .text.PROTIMER_UsToPrecntOverflow
                0x00012dd0       0x2c G:\My Drive\CUB Study\Semester 2\IOT\LED_BLINKY_SDK2_7\platform\radio\rail_lib\autogen\librail_release\librail_efr32xg1_gcc_release.a(protimer.o)
                0x00012dd0                PROTIMER_UsToPrecntOverflow
 .text.PROTIMER_DelayUs
                0x00012dfc       0x44 G:\My Drive\CUB Study\Semester 2\IOT\LED_BLINKY_SDK2_7\platform\radio\rail_lib\autogen\librail_release\librail_efr32xg1_gcc_release.a(protimer.o)
                0x00012dfc                PROTIMER_DelayUs
 .text.PROTIMER_CheckCcaReallyFailed
                0x00012e40       0xbc G:\My Drive\CUB Study\Semester 2\IOT\LED_BLINKY_SDK2_7\platform\radio\rail_lib\autogen\librail_release\librail_efr32xg1_gcc_release.a(protimer.o)
                0x00012e40                PROTIMER_CheckCcaReallyFailed
 .text.PTI_EnableAppendedInfo
                0x00012efc       0x18 G:\My Drive\CUB Study\Semester 2\IOT\LED_BLINKY_SDK2_7\platform\radio\rail_lib\autogen\librail_release\librail_efr32xg1_gcc_release.a(pti.o)
                0x00012efc                PTI_EnableAppendedInfo
 .text.PTI_Enable
                0x00012f14       0x58 G:\My Drive\CUB Study\Semester 2\IOT\LED_BLINKY_SDK2_7\platform\radio\rail_lib\autogen\librail_release\librail_efr32xg1_gcc_release.a(pti.o)
                0x00012f14                PTI_Enable
 .text.PTI_AuxdataOutput
                0x00012f6c       0x1c G:\My Drive\CUB Study\Semester 2\IOT\LED_BLINKY_SDK2_7\platform\radio\rail_lib\autogen\librail_release\librail_efr32xg1_gcc_release.a(pti.o)
                0x00012f6c                PTI_AuxdataOutput
 .text.PTI_EnableSyncword
                0x00012f88       0x18 G:\My Drive\CUB Study\Semester 2\IOT\LED_BLINKY_SDK2_7\platform\radio\rail_lib\autogen\librail_release\librail_efr32xg1_gcc_release.a(pti.o)
                0x00012f88                PTI_EnableSyncword
 .text.RADIO_SetAndForgetWrite
                0x00012fa0       0x8c G:\My Drive\CUB Study\Semester 2\IOT\LED_BLINKY_SDK2_7\platform\radio\rail_lib\autogen\librail_release\librail_efr32xg1_gcc_release.a(radio.o)
                0x00012fa0                RADIO_SetAndForgetWrite
 .text.RADIO_SeqInit
                0x0001302c       0x68 G:\My Drive\CUB Study\Semester 2\IOT\LED_BLINKY_SDK2_7\platform\radio\rail_lib\autogen\librail_release\librail_efr32xg1_gcc_release.a(radio.o)
                0x0001302c                RADIO_SeqInit
 .text.RADIO_CLKEnable
                0x00013094       0x68 G:\My Drive\CUB Study\Semester 2\IOT\LED_BLINKY_SDK2_7\platform\radio\rail_lib\autogen\librail_release\librail_efr32xg1_gcc_release.a(radio.o)
                0x00013094                RADIO_CLKEnable
 .text.RADIO_Init
                0x000130fc       0x40 G:\My Drive\CUB Study\Semester 2\IOT\LED_BLINKY_SDK2_7\platform\radio\rail_lib\autogen\librail_release\librail_efr32xg1_gcc_release.a(radio.o)
                0x000130fc                RADIO_Init
 .text.RADIO_Config
                0x0001313c       0xa8 G:\My Drive\CUB Study\Semester 2\IOT\LED_BLINKY_SDK2_7\platform\radio\rail_lib\autogen\librail_release\librail_efr32xg1_gcc_release.a(radio.o)
                0x0001313c                RADIO_Config
 .text.RADIO_IsRxOnForRssi
                0x000131e4       0x18 G:\My Drive\CUB Study\Semester 2\IOT\LED_BLINKY_SDK2_7\platform\radio\rail_lib\autogen\librail_release\librail_efr32xg1_gcc_release.a(radio.o)
                0x000131e4                RADIO_IsRxOnForRssi
 .text.RADIO_RxTrailDataLength
                0x000131fc       0x3c G:\My Drive\CUB Study\Semester 2\IOT\LED_BLINKY_SDK2_7\platform\radio\rail_lib\autogen\librail_release\librail_efr32xg1_gcc_release.a(radio.o)
                0x000131fc                RADIO_RxTrailDataLength
 .text.RADIO_FrameControlDescrBufferIdSet
                0x00013238       0x20 G:\My Drive\CUB Study\Semester 2\IOT\LED_BLINKY_SDK2_7\platform\radio\rail_lib\autogen\librail_release\librail_efr32xg1_gcc_release.a(radio.o)
                0x00013238                RADIO_FrameControlDescrBufferIdSet
 .text.RADIO_ComputeTxBaudrate
                0x00013258       0x28 G:\My Drive\CUB Study\Semester 2\IOT\LED_BLINKY_SDK2_7\platform\radio\rail_lib\autogen\librail_release\librail_efr32xg1_gcc_release.a(radio.o)
                0x00013258                RADIO_ComputeTxBaudrate
 .text.RADIO_ComputeTxSymbolRate
                0x00013280       0x2c G:\My Drive\CUB Study\Semester 2\IOT\LED_BLINKY_SDK2_7\platform\radio\rail_lib\autogen\librail_release\librail_efr32xg1_gcc_release.a(radio.o)
                0x00013280                RADIO_ComputeTxSymbolRate
 .text.RADIO_ComputeTxBitRate
                0x000132ac       0x50 G:\My Drive\CUB Study\Semester 2\IOT\LED_BLINKY_SDK2_7\platform\radio\rail_lib\autogen\librail_release\librail_efr32xg1_gcc_release.a(radio.o)
                0x000132ac                RADIO_ComputeTxBitRate
 .text.RADIO_GetRssi
                0x000132fc       0x54 G:\My Drive\CUB Study\Semester 2\IOT\LED_BLINKY_SDK2_7\platform\radio\rail_lib\autogen\librail_release\librail_efr32xg1_gcc_release.a(radio.o)
                0x000132fc                RADIO_GetRssi
 .text.RADIO_SetCRCInitVal
                0x00013350       0x10 G:\My Drive\CUB Study\Semester 2\IOT\LED_BLINKY_SDK2_7\platform\radio\rail_lib\autogen\librail_release\librail_efr32xg1_gcc_release.a(radio.o)
                0x00013350                RADIO_SetCRCInitVal
 .text.RADIO_RACClearRxOverflow
                0x00013360       0x20 G:\My Drive\CUB Study\Semester 2\IOT\LED_BLINKY_SDK2_7\platform\radio\rail_lib\autogen\librail_release\librail_efr32xg1_gcc_release.a(radio.o)
                0x00013360                RADIO_RACClearRxOverflow
 .text.RFSENSE_Disable
                0x00013380       0x44 G:\My Drive\CUB Study\Semester 2\IOT\LED_BLINKY_SDK2_7\platform\radio\rail_lib\autogen\librail_release\librail_efr32xg1_gcc_release.a(rfsense.o)
 .text.RFSENSE_Sensed
                0x000133c4       0x50 G:\My Drive\CUB Study\Semester 2\IOT\LED_BLINKY_SDK2_7\platform\radio\rail_lib\autogen\librail_release\librail_efr32xg1_gcc_release.a(rfsense.o)
                0x000133c4                RFSENSE_Sensed
 .text.RFSENSE_IRQHandler
                0x00013414        0x4 G:\My Drive\CUB Study\Semester 2\IOT\LED_BLINKY_SDK2_7\platform\radio\rail_lib\autogen\librail_release\librail_efr32xg1_gcc_release.a(rfsense.o)
                0x00013414                RFSENSE_IRQHandler
 .text.RTCCSYNC_Init
                0x00013418       0x10 G:\My Drive\CUB Study\Semester 2\IOT\LED_BLINKY_SDK2_7\platform\radio\rail_lib\autogen\librail_release\librail_efr32xg1_gcc_release.a(rtccsync.o)
                0x00013418                RTCCSYNC_Init
 .text.SYNTH_RfFreqGet
                0x00013428        0xc G:\My Drive\CUB Study\Semester 2\IOT\LED_BLINKY_SDK2_7\platform\radio\rail_lib\autogen\librail_release\librail_efr32xg1_gcc_release.a(synth.o)
                0x00013428                SYNTH_RfFreqGet
 .text.SYNTH_ChSpacingGet
                0x00013434        0xc G:\My Drive\CUB Study\Semester 2\IOT\LED_BLINKY_SDK2_7\platform\radio\rail_lib\autogen\librail_release\librail_efr32xg1_gcc_release.a(synth.o)
                0x00013434                SYNTH_ChSpacingGet
 .text.SYNTH_LoDivGet
                0x00013440       0x20 G:\My Drive\CUB Study\Semester 2\IOT\LED_BLINKY_SDK2_7\platform\radio\rail_lib\autogen\librail_release\librail_efr32xg1_gcc_release.a(synth.o)
                0x00013440                SYNTH_LoDivGet
 .text.SYNTH_Is2p4GHz
                0x00013460       0x14 G:\My Drive\CUB Study\Semester 2\IOT\LED_BLINKY_SDK2_7\platform\radio\rail_lib\autogen\librail_release\librail_efr32xg1_gcc_release.a(synth.o)
                0x00013460                SYNTH_Is2p4GHz
 .text.SYNTH_VcoRangeIsValid
                0x00013474       0x30 G:\My Drive\CUB Study\Semester 2\IOT\LED_BLINKY_SDK2_7\platform\radio\rail_lib\autogen\librail_release\librail_efr32xg1_gcc_release.a(synth.o)
                0x00013474                SYNTH_VcoRangeIsValid
 .text.SYNTH_RetimeLimitsConfig
                0x000134a4       0x64 G:\My Drive\CUB Study\Semester 2\IOT\LED_BLINKY_SDK2_7\platform\radio\rail_lib\autogen\librail_release\librail_efr32xg1_gcc_release.a(synth.o)
                0x000134a4                SYNTH_RetimeLimitsConfig
 .text.SYNTH_RetimeClkConfig
                0x00013508       0xb4 G:\My Drive\CUB Study\Semester 2\IOT\LED_BLINKY_SDK2_7\platform\radio\rail_lib\autogen\librail_release\librail_efr32xg1_gcc_release.a(synth.o)
                0x00013508                SYNTH_RetimeClkConfig
 .text.SYNTH_Config
                0x000135bc      0x108 G:\My Drive\CUB Study\Semester 2\IOT\LED_BLINKY_SDK2_7\platform\radio\rail_lib\autogen\librail_release\librail_efr32xg1_gcc_release.a(synth.o)
                0x000135bc                SYNTH_Config
 .text.SYNTH_ChannelSet
                0x000136c4       0x40 G:\My Drive\CUB Study\Semester 2\IOT\LED_BLINKY_SDK2_7\platform\radio\rail_lib\autogen\librail_release\librail_efr32xg1_gcc_release.a(synth.o)
                0x000136c4                SYNTH_ChannelSet
 .text.SYNTH_DCDCRetimeClkSet
                0x00013704       0x6c G:\My Drive\CUB Study\Semester 2\IOT\LED_BLINKY_SDK2_7\platform\radio\rail_lib\autogen\librail_release\librail_efr32xg1_gcc_release.a(synth.o)
                0x00013704                SYNTH_DCDCRetimeClkSet
 .text.SYNTH_DCDCRetimeEnable
                0x00013770       0x18 G:\My Drive\CUB Study\Semester 2\IOT\LED_BLINKY_SDK2_7\platform\radio\rail_lib\autogen\librail_release\librail_efr32xg1_gcc_release.a(synth.o)
                0x00013770                SYNTH_DCDCRetimeEnable
 .text.SYNTH_DCDCRetimeDisable
                0x00013788       0x18 G:\My Drive\CUB Study\Semester 2\IOT\LED_BLINKY_SDK2_7\platform\radio\rail_lib\autogen\librail_release\librail_efr32xg1_gcc_release.a(synth.o)
                0x00013788                SYNTH_DCDCRetimeDisable
 .text.SYNTH_KvnFreqCompensationEnable
                0x000137a0        0xc G:\My Drive\CUB Study\Semester 2\IOT\LED_BLINKY_SDK2_7\platform\radio\rail_lib\autogen\librail_release\librail_efr32xg1_gcc_release.a(synth.o)
                0x000137a0                SYNTH_KvnFreqCompensationEnable
 .text.RADIOCMU_ClockEnable
                0x000137ac       0x40 G:\My Drive\CUB Study\Semester 2\IOT\LED_BLINKY_SDK2_7\platform\radio\rail_lib\autogen\librail_release\librail_efr32xg1_gcc_release.a(radio_cmu.o)
                0x000137ac                RADIOCMU_ClockEnable
 .text.RADIOCMU_ClockFreqGet
                0x000137ec       0x88 G:\My Drive\CUB Study\Semester 2\IOT\LED_BLINKY_SDK2_7\platform\radio\rail_lib\autogen\librail_release\librail_efr32xg1_gcc_release.a(radio_cmu.o)
                0x000137ec                RADIOCMU_ClockFreqGet
 .text.RADIOCMU_ClockPrescGet
                0x00013874       0x1c G:\My Drive\CUB Study\Semester 2\IOT\LED_BLINKY_SDK2_7\platform\radio\rail_lib\autogen\librail_release\librail_efr32xg1_gcc_release.a(radio_cmu.o)
                0x00013874                RADIOCMU_ClockPrescGet
 .text.TEMPCAL_Init
                0x00013890       0x40 G:\My Drive\CUB Study\Semester 2\IOT\LED_BLINKY_SDK2_7\platform\radio\rail_lib\autogen\librail_release\librail_efr32xg1_gcc_release.a(tempcal.o)
                0x00013890                TEMPCAL_Init
 .text.TIMING_PreambleSyncBits
                0x000138d0       0x2c G:\My Drive\CUB Study\Semester 2\IOT\LED_BLINKY_SDK2_7\platform\radio\rail_lib\autogen\librail_release\librail_efr32xg1_gcc_release.a(timings.o)
 .text.TIMING_CalcAdjustUs
                0x000138fc       0x28 G:\My Drive\CUB Study\Semester 2\IOT\LED_BLINKY_SDK2_7\platform\radio\rail_lib\autogen\librail_release\librail_efr32xg1_gcc_release.a(timings.o)
 .text.TIMING_SeqTimingInit
                0x00013924        0x2 G:\My Drive\CUB Study\Semester 2\IOT\LED_BLINKY_SDK2_7\platform\radio\rail_lib\autogen\librail_release\librail_efr32xg1_gcc_release.a(timings.o)
                0x00013924                TIMING_SeqTimingInit
 *fill*         0x00013926        0x2 
 .text.TIMING_NsToStimerTickCalcSigned
                0x00013928       0x28 G:\My Drive\CUB Study\Semester 2\IOT\LED_BLINKY_SDK2_7\platform\radio\rail_lib\autogen\librail_release\librail_efr32xg1_gcc_release.a(timings.o)
                0x00013928                TIMING_NsToStimerTickCalcSigned
 .text.TIMING_NsToStimerTickCalc
                0x00013950        0xc G:\My Drive\CUB Study\Semester 2\IOT\LED_BLINKY_SDK2_7\platform\radio\rail_lib\autogen\librail_release\librail_efr32xg1_gcc_release.a(timings.o)
                0x00013950                TIMING_NsToStimerTickCalc
 .text.TIMING_InitStimer
                0x0001395c       0x58 G:\My Drive\CUB Study\Semester 2\IOT\LED_BLINKY_SDK2_7\platform\radio\rail_lib\autogen\librail_release\librail_efr32xg1_gcc_release.a(timings.o)
                0x0001395c                TIMING_InitStimer
 .text.TIMING_TxWarmTimeRecalculate
                0x000139b4       0x34 G:\My Drive\CUB Study\Semester 2\IOT\LED_BLINKY_SDK2_7\platform\radio\rail_lib\autogen\librail_release\librail_efr32xg1_gcc_release.a(timings.o)
                0x000139b4                TIMING_TxWarmTimeRecalculate
 .text.TIMING_TxWarmTimeSet
                0x000139e8       0x18 G:\My Drive\CUB Study\Semester 2\IOT\LED_BLINKY_SDK2_7\platform\radio\rail_lib\autogen\librail_release\librail_efr32xg1_gcc_release.a(timings.o)
                0x000139e8                TIMING_TxWarmTimeSet
 .text.TIMING_RxToTxTimeRecalculate
                0x00013a00       0x34 G:\My Drive\CUB Study\Semester 2\IOT\LED_BLINKY_SDK2_7\platform\radio\rail_lib\autogen\librail_release\librail_efr32xg1_gcc_release.a(timings.o)
                0x00013a00                TIMING_RxToTxTimeRecalculate
 .text.TIMING_RxFrameToTxTimeRecalculate
                0x00013a34       0x38 G:\My Drive\CUB Study\Semester 2\IOT\LED_BLINKY_SDK2_7\platform\radio\rail_lib\autogen\librail_release\librail_efr32xg1_gcc_release.a(timings.o)
                0x00013a34                TIMING_RxFrameToTxTimeRecalculate
 .text.TIMING_RxFrameToTxTimeSet
                0x00013a6c       0x18 G:\My Drive\CUB Study\Semester 2\IOT\LED_BLINKY_SDK2_7\platform\radio\rail_lib\autogen\librail_release\librail_efr32xg1_gcc_release.a(timings.o)
                0x00013a6c                TIMING_RxFrameToTxTimeSet
 .text.TIMING_TxToTxTimeRecalculate
                0x00013a84       0x24 G:\My Drive\CUB Study\Semester 2\IOT\LED_BLINKY_SDK2_7\platform\radio\rail_lib\autogen\librail_release\librail_efr32xg1_gcc_release.a(timings.o)
                0x00013a84                TIMING_TxToTxTimeRecalculate
 .text.TIMING_TxToRxTimeRecalculate
                0x00013aa8       0x24 G:\My Drive\CUB Study\Semester 2\IOT\LED_BLINKY_SDK2_7\platform\radio\rail_lib\autogen\librail_release\librail_efr32xg1_gcc_release.a(timings.o)
                0x00013aa8                TIMING_TxToRxTimeRecalculate
 .text.TIMING_TxToRxTimeSet
                0x00013acc       0x18 G:\My Drive\CUB Study\Semester 2\IOT\LED_BLINKY_SDK2_7\platform\radio\rail_lib\autogen\librail_release\librail_efr32xg1_gcc_release.a(timings.o)
                0x00013acc                TIMING_TxToRxTimeSet
 .text.TIMING_RxWarmTimeRecalculate
                0x00013ae4       0x20 G:\My Drive\CUB Study\Semester 2\IOT\LED_BLINKY_SDK2_7\platform\radio\rail_lib\autogen\librail_release\librail_efr32xg1_gcc_release.a(timings.o)
                0x00013ae4                TIMING_RxWarmTimeRecalculate
 .text.TIMING_RxWarmTimeSet
                0x00013b04       0x18 G:\My Drive\CUB Study\Semester 2\IOT\LED_BLINKY_SDK2_7\platform\radio\rail_lib\autogen\librail_release\librail_efr32xg1_gcc_release.a(timings.o)
                0x00013b04                TIMING_RxWarmTimeSet
 .text.TIMING_RxSearchTimeRecalculate
                0x00013b1c       0x28 G:\My Drive\CUB Study\Semester 2\IOT\LED_BLINKY_SDK2_7\platform\radio\rail_lib\autogen\librail_release\librail_efr32xg1_gcc_release.a(timings.o)
                0x00013b1c                TIMING_RxSearchTimeRecalculate
 .text.TIMING_RxSearchTimeSet
                0x00013b44       0x10 G:\My Drive\CUB Study\Semester 2\IOT\LED_BLINKY_SDK2_7\platform\radio\rail_lib\autogen\librail_release\librail_efr32xg1_gcc_release.a(timings.o)
                0x00013b44                TIMING_RxSearchTimeSet
 .text.TIMING_TxToRxSearchTimeRecalculate
                0x00013b54       0x28 G:\My Drive\CUB Study\Semester 2\IOT\LED_BLINKY_SDK2_7\platform\radio\rail_lib\autogen\librail_release\librail_efr32xg1_gcc_release.a(timings.o)
                0x00013b54                TIMING_TxToRxSearchTimeRecalculate
 .text.TIMING_TxToRxSearchTimeSet
                0x00013b7c       0x10 G:\My Drive\CUB Study\Semester 2\IOT\LED_BLINKY_SDK2_7\platform\radio\rail_lib\autogen\librail_release\librail_efr32xg1_gcc_release.a(timings.o)
                0x00013b7c                TIMING_TxToRxSearchTimeSet
 .text.TIMING_RecalculateAll
                0x00013b8c       0x3a G:\My Drive\CUB Study\Semester 2\IOT\LED_BLINKY_SDK2_7\platform\radio\rail_lib\autogen\librail_release\librail_efr32xg1_gcc_release.a(timings.o)
                0x00013b8c                TIMING_RecalculateAll
 .text.TIMING_RecalculatePaRampChanged
                0x00013bc6       0x22 G:\My Drive\CUB Study\Semester 2\IOT\LED_BLINKY_SDK2_7\platform\radio\rail_lib\autogen\librail_release\librail_efr32xg1_gcc_release.a(timings.o)
                0x00013bc6                TIMING_RecalculatePaRampChanged
 .text.TIMING_SetChainDelays
                0x00013be8        0x8 G:\My Drive\CUB Study\Semester 2\IOT\LED_BLINKY_SDK2_7\platform\radio\rail_lib\autogen\librail_release\librail_efr32xg1_gcc_release.a(timings.o)
                0x00013be8                TIMING_SetChainDelays
 .text.TIMING_SetRxDoneDelay
                0x00013bf0        0x6 G:\My Drive\CUB Study\Semester 2\IOT\LED_BLINKY_SDK2_7\platform\radio\rail_lib\autogen\librail_release\librail_efr32xg1_gcc_release.a(timings.o)
                0x00013bf0                TIMING_SetRxDoneDelay
 .text.TIMING_CalcRxTimeStampUs
                0x00013bf6       0x7a G:\My Drive\CUB Study\Semester 2\IOT\LED_BLINKY_SDK2_7\platform\radio\rail_lib\autogen\librail_release\librail_efr32xg1_gcc_release.a(timings.o)
                0x00013bf6                TIMING_CalcRxTimeStampUs
 .text.RFRAND_GetRadioEntropy
                0x00013c70       0xf0 G:\My Drive\CUB Study\Semester 2\IOT\LED_BLINKY_SDK2_7\platform\radio\rail_lib\autogen\librail_release\librail_efr32xg1_gcc_release.a(rf_rand.o)
                0x00013c70                RFRAND_GetRadioEntropy
 .text.RFRAND_SeedProtimerRandom
                0x00013d60       0x3c G:\My Drive\CUB Study\Semester 2\IOT\LED_BLINKY_SDK2_7\platform\radio\rail_lib\autogen\librail_release\librail_efr32xg1_gcc_release.a(rf_rand.o)
                0x00013d60                RFRAND_SeedProtimerRandom
 .text.RAIL_GetTxPowerCurve
                0x00013d9c       0x14 G:\My Drive\CUB Study\Semester 2\IOT\LED_BLINKY_SDK2_7\platform\radio\rail_lib\autogen\librail_release\librail_efr32xg1_gcc_release.a(pa_conversions_efr32.o)
                0x00013d9c                RAIL_GetTxPowerCurve
 .text.RAIL_InitTxPowerCurves
                0x00013db0       0x2c G:\My Drive\CUB Study\Semester 2\IOT\LED_BLINKY_SDK2_7\platform\radio\rail_lib\autogen\librail_release\librail_efr32xg1_gcc_release.a(pa_conversions_efr32.o)
                0x00013db0                RAIL_InitTxPowerCurves
 .text.RAIL_ConvertDbmToRaw
                0x00013ddc       0xe4 G:\My Drive\CUB Study\Semester 2\IOT\LED_BLINKY_SDK2_7\platform\radio\rail_lib\autogen\librail_release\librail_efr32xg1_gcc_release.a(pa_conversions_efr32.o)
                0x00013ddc                RAIL_ConvertDbmToRaw
 .text.RAIL_ConvertRawToDbm
                0x00013ec0       0xb4 G:\My Drive\CUB Study\Semester 2\IOT\LED_BLINKY_SDK2_7\platform\radio\rail_lib\autogen\librail_release\librail_efr32xg1_gcc_release.a(pa_conversions_efr32.o)
                0x00013ec0                RAIL_ConvertRawToDbm
 .text.GENERIC_PHY_ConfigureRollbackReporting
                0x00013f74       0x64 G:\My Drive\CUB Study\Semester 2\IOT\LED_BLINKY_SDK2_7\platform\radio\rail_lib\autogen\librail_release\librail_efr32xg1_gcc_release.a(generic_phy.o)
 .text.GENERIC_PHY_ClearPendedRxWindowEnd
                0x00013fd8       0x1c G:\My Drive\CUB Study\Semester 2\IOT\LED_BLINKY_SDK2_7\platform\radio\rail_lib\autogen\librail_release\librail_efr32xg1_gcc_release.a(generic_phy.o)
 .text.RADIO_RACRxAbort
                0x00013ff4       0x3c G:\My Drive\CUB Study\Semester 2\IOT\LED_BLINKY_SDK2_7\platform\radio\rail_lib\autogen\librail_release\librail_efr32xg1_gcc_release.a(generic_phy.o)
 .text.GENERIC_PHY_RxOverflowHook
                0x00014030       0x34 G:\My Drive\CUB Study\Semester 2\IOT\LED_BLINKY_SDK2_7\platform\radio\rail_lib\autogen\librail_release\librail_efr32xg1_gcc_release.a(generic_phy.o)
 .text.GENERIC_PHY_DisableRadioIrqs
                0x00014064       0x50 G:\My Drive\CUB Study\Semester 2\IOT\LED_BLINKY_SDK2_7\platform\radio\rail_lib\autogen\librail_release\librail_efr32xg1_gcc_release.a(generic_phy.o)
 .text.GENERIC_PHY_CheckPendedRxWindowEnd
                0x000140b4       0x3c G:\My Drive\CUB Study\Semester 2\IOT\LED_BLINKY_SDK2_7\platform\radio\rail_lib\autogen\librail_release\librail_efr32xg1_gcc_release.a(generic_phy.o)
 .text.GENERIC_PHY_ConfigureEvents
                0x000140f0      0x35c G:\My Drive\CUB Study\Semester 2\IOT\LED_BLINKY_SDK2_7\platform\radio\rail_lib\autogen\librail_release\librail_efr32xg1_gcc_release.a(generic_phy.o)
                0x000140f0                GENERIC_PHY_ConfigureEvents
 .text.GENERIC_PHY_PacketTxCommon
                0x0001444c       0x3c G:\My Drive\CUB Study\Semester 2\IOT\LED_BLINKY_SDK2_7\platform\radio\rail_lib\autogen\librail_release\librail_efr32xg1_gcc_release.a(generic_phy.o)
                0x0001444c                GENERIC_PHY_PacketTxCommon
 .text.GENERIC_PHY_PacketTx
                0x00014488       0x40 G:\My Drive\CUB Study\Semester 2\IOT\LED_BLINKY_SDK2_7\platform\radio\rail_lib\autogen\librail_release\librail_efr32xg1_gcc_release.a(generic_phy.o)
                0x00014488                GENERIC_PHY_PacketTx
 .text.GENERIC_PHY_SchedulePacketRx
                0x000144c8      0x10c G:\My Drive\CUB Study\Semester 2\IOT\LED_BLINKY_SDK2_7\platform\radio\rail_lib\autogen\librail_release\librail_efr32xg1_gcc_release.a(generic_phy.o)
                0x000144c8                GENERIC_PHY_SchedulePacketRx
 .text.GENERIC_PHY_SchedulePacketTx
                0x000145d4       0x7c G:\My Drive\CUB Study\Semester 2\IOT\LED_BLINKY_SDK2_7\platform\radio\rail_lib\autogen\librail_release\librail_efr32xg1_gcc_release.a(generic_phy.o)
                0x000145d4                GENERIC_PHY_SchedulePacketTx
 .text.GENERIC_PHY_ChannelSet
                0x00014650        0x6 G:\My Drive\CUB Study\Semester 2\IOT\LED_BLINKY_SDK2_7\platform\radio\rail_lib\autogen\librail_release\librail_efr32xg1_gcc_release.a(generic_phy.o)
                0x00014650                GENERIC_PHY_ChannelSet
 *fill*         0x00014656        0x2 
 .text.GENERIC_PHY_SeqAtomicLock
                0x00014658       0x34 G:\My Drive\CUB Study\Semester 2\IOT\LED_BLINKY_SDK2_7\platform\radio\rail_lib\autogen\librail_release\librail_efr32xg1_gcc_release.a(generic_phy.o)
                0x00014658                GENERIC_PHY_SeqAtomicLock
 .text.GENERIC_PHY_PreviousTxTime
                0x0001468c        0xc G:\My Drive\CUB Study\Semester 2\IOT\LED_BLINKY_SDK2_7\platform\radio\rail_lib\autogen\librail_release\librail_efr32xg1_gcc_release.a(generic_phy.o)
                0x0001468c                GENERIC_PHY_PreviousTxTime
 .text.GENERIC_PHY_RACConfig
                0x00014698       0x40 G:\My Drive\CUB Study\Semester 2\IOT\LED_BLINKY_SDK2_7\platform\radio\rail_lib\autogen\librail_release\librail_efr32xg1_gcc_release.a(generic_phy.o)
                0x00014698                GENERIC_PHY_RACConfig
 .text.GENERIC_PHY_ResetRxFifo
                0x000146d8       0x30 G:\My Drive\CUB Study\Semester 2\IOT\LED_BLINKY_SDK2_7\platform\radio\rail_lib\autogen\librail_release\librail_efr32xg1_gcc_release.a(generic_phy.o)
                0x000146d8                GENERIC_PHY_ResetRxFifo
 .text.GENERIC_PHY_RadioIdle
                0x00014708      0x138 G:\My Drive\CUB Study\Semester 2\IOT\LED_BLINKY_SDK2_7\platform\radio\rail_lib\autogen\librail_release\librail_efr32xg1_gcc_release.a(generic_phy.o)
                0x00014708                GENERIC_PHY_RadioIdle
 .text.FRC_IRQHandler
                0x00014840      0x448 G:\My Drive\CUB Study\Semester 2\IOT\LED_BLINKY_SDK2_7\platform\radio\rail_lib\autogen\librail_release\librail_efr32xg1_gcc_release.a(generic_phy.o)
                0x00014840                FRC_IRQHandler
 .text.FRC_PRI_IRQHandler
                0x00014c88        0x4 G:\My Drive\CUB Study\Semester 2\IOT\LED_BLINKY_SDK2_7\platform\radio\rail_lib\autogen\librail_release\librail_efr32xg1_gcc_release.a(generic_phy.o)
                0x00014c88                FRC_PRI_IRQHandler
 .text.BUFC_IRQHandler
                0x00014c8c        0x4 G:\My Drive\CUB Study\Semester 2\IOT\LED_BLINKY_SDK2_7\platform\radio\rail_lib\autogen\librail_release\librail_efr32xg1_gcc_release.a(generic_phy.o)
                0x00014c8c                BUFC_IRQHandler
 .text.PROTIMER_IRQHandler
                0x00014c90        0x4 G:\My Drive\CUB Study\Semester 2\IOT\LED_BLINKY_SDK2_7\platform\radio\rail_lib\autogen\librail_release\librail_efr32xg1_gcc_release.a(generic_phy.o)
                0x00014c90                PROTIMER_IRQHandler
 .text.RAC_SEQ_IRQHandler
                0x00014c94        0x4 G:\My Drive\CUB Study\Semester 2\IOT\LED_BLINKY_SDK2_7\platform\radio\rail_lib\autogen\librail_release\librail_efr32xg1_gcc_release.a(generic_phy.o)
                0x00014c94                RAC_SEQ_IRQHandler
 .text.RAILCb_RadioStateChanged
                0x00014c98       0x14 G:\My Drive\CUB Study\Semester 2\IOT\LED_BLINKY_SDK2_7\platform\radio\rail_lib\autogen\librail_release\librail_efr32xg1_gcc_release.a(generic_phy.o)
                0x00014c98                RAILCb_RadioStateChanged
 .text.RAC_RSM_IRQHandler
                0x00014cac       0x48 G:\My Drive\CUB Study\Semester 2\IOT\LED_BLINKY_SDK2_7\platform\radio\rail_lib\autogen\librail_release\librail_efr32xg1_gcc_release.a(generic_phy.o)
                0x00014cac                RAC_RSM_IRQHandler
 .text.MODEM_IRQHandler
                0x00014cf4        0x4 G:\My Drive\CUB Study\Semester 2\IOT\LED_BLINKY_SDK2_7\platform\radio\rail_lib\autogen\librail_release\librail_efr32xg1_gcc_release.a(generic_phy.o)
                0x00014cf4                MODEM_IRQHandler
 .text.AGC_IRQHandler
                0x00014cf8       0x40 G:\My Drive\CUB Study\Semester 2\IOT\LED_BLINKY_SDK2_7\platform\radio\rail_lib\autogen\librail_release\librail_efr32xg1_gcc_release.a(generic_phy.o)
                0x00014cf8                AGC_IRQHandler
 .text.SYNTH_IRQHandler
                0x00014d38       0x10 G:\My Drive\CUB Study\Semester 2\IOT\LED_BLINKY_SDK2_7\platform\radio\rail_lib\autogen\librail_release\librail_efr32xg1_gcc_release.a(generic_phy.o)
                0x00014d38                SYNTH_IRQHandler
 .text.GENERIC_PHY_SetFeatures
                0x00014d48       0x28 G:\My Drive\CUB Study\Semester 2\IOT\LED_BLINKY_SDK2_7\platform\radio\rail_lib\autogen\librail_release\librail_efr32xg1_gcc_release.a(generic_phy.o)
                0x00014d48                GENERIC_PHY_SetFeatures
 .text.GENERIC_PHY_IsFeatureEnabled
                0x00014d70       0x14 G:\My Drive\CUB Study\Semester 2\IOT\LED_BLINKY_SDK2_7\platform\radio\rail_lib\autogen\librail_release\librail_efr32xg1_gcc_release.a(generic_phy.o)
                0x00014d70                GENERIC_PHY_IsFeatureEnabled
 .text.GENERIC_PHY_ConfigureFrameType
                0x00014d84       0x70 G:\My Drive\CUB Study\Semester 2\IOT\LED_BLINKY_SDK2_7\platform\radio\rail_lib\autogen\librail_release\librail_efr32xg1_gcc_release.a(generic_phy.o)
                0x00014d84                GENERIC_PHY_ConfigureFrameType
 .text.GENERIC_PHY_ResetAddressFiltering
                0x00014df4       0x10 G:\My Drive\CUB Study\Semester 2\IOT\LED_BLINKY_SDK2_7\platform\radio\rail_lib\autogen\librail_release\librail_efr32xg1_gcc_release.a(generic_phy.o)
                0x00014df4                GENERIC_PHY_ResetAddressFiltering
 .text.GENERIC_PHY_Init
                0x00014e04       0x74 G:\My Drive\CUB Study\Semester 2\IOT\LED_BLINKY_SDK2_7\platform\radio\rail_lib\autogen\librail_release\librail_efr32xg1_gcc_release.a(generic_phy.o)
                0x00014e04                GENERIC_PHY_Init
 .text.GENERIC_PHY_IsEnabledIEEE802154
                0x00014e78       0x10 G:\My Drive\CUB Study\Semester 2\IOT\LED_BLINKY_SDK2_7\platform\radio\rail_lib\autogen\librail_release\librail_efr32xg1_gcc_release.a(generic_phy.o)
                0x00014e78                GENERIC_PHY_IsEnabledIEEE802154
 .text.GENERIC_PHY_TimerStart
                0x00014e88        0xc G:\My Drive\CUB Study\Semester 2\IOT\LED_BLINKY_SDK2_7\platform\radio\rail_lib\autogen\librail_release\librail_efr32xg1_gcc_release.a(generic_phy.o)
                0x00014e88                GENERIC_PHY_TimerStart
 .text.GENERIC_PHY_TimerStop
                0x00014e94        0x6 G:\My Drive\CUB Study\Semester 2\IOT\LED_BLINKY_SDK2_7\platform\radio\rail_lib\autogen\librail_release\librail_efr32xg1_gcc_release.a(generic_phy.o)
                0x00014e94                GENERIC_PHY_TimerStop
 .text.CORTEX_UTILS_BitsetLowestSetBit
                0x00014e9a       0x26 G:\My Drive\CUB Study\Semester 2\IOT\LED_BLINKY_SDK2_7\platform\radio\rail_lib\autogen\librail_release\librail_efr32xg1_gcc_release.a(cortex_utils.o)
                0x00014e9a                CORTEX_UTILS_BitsetLowestSetBit
 .text.gecko_init_alloc
                0x00014ec0       0x38 G:\My Drive\CUB Study\Semester 2\IOT\LED_BLINKY_SDK2_7\protocol\bluetooth_2.7\lib\EFR32BG1B\GCC\libbluetooth.a(bglib.c.obj)
                0x00014ec0                gecko_init_alloc
 .text.user_signal_message_handler
                0x00014ef8       0x2c G:\My Drive\CUB Study\Semester 2\IOT\LED_BLINKY_SDK2_7\protocol\bluetooth_2.7\lib\EFR32BG1B\GCC\libbluetooth.a(bglib.c.obj)
 .text.set_ctune
                0x00014f24       0x64 G:\My Drive\CUB Study\Semester 2\IOT\LED_BLINKY_SDK2_7\protocol\bluetooth_2.7\lib\EFR32BG1B\GCC\libbluetooth.a(bglib.c.obj)
                0x00014f24                set_ctune
 .text.check_ctune_override
                0x00014f88       0x1e G:\My Drive\CUB Study\Semester 2\IOT\LED_BLINKY_SDK2_7\protocol\bluetooth_2.7\lib\EFR32BG1B\GCC\libbluetooth.a(bglib.c.obj)
                0x00014f88                check_ctune_override
 *fill*         0x00014fa6        0x2 
 .text.gecko_stack_init
                0x00014fa8      0x1cc G:\My Drive\CUB Study\Semester 2\IOT\LED_BLINKY_SDK2_7\protocol\bluetooth_2.7\lib\EFR32BG1B\GCC\libbluetooth.a(bglib.c.obj)
                0x00014fa8                gecko_stack_init
 .text.gecko_stack_update_callback
                0x00015174       0x10 G:\My Drive\CUB Study\Semester 2\IOT\LED_BLINKY_SDK2_7\protocol\bluetooth_2.7\lib\EFR32BG1B\GCC\libbluetooth.a(bglib.c.obj)
                0x00015174                gecko_stack_update_callback
 .text.gecko_bgapi_class_dfu_init